=> creating model 'resnet18'
Epoch: [0][ 0/29]	Time  5.089 ( 5.089)	Data  0.675 ( 0.675)	Loss 9.8369e-01 (9.8369e-01)	Acc@1  50.00 ( 50.00)	Acc@2 100.00 (100.00)
Epoch: [0][10/29]	Time  0.418 ( 0.818)	Data  0.000 ( 0.063)	Loss 5.4158e-01 (7.9686e-01)	Acc@1  81.25 ( 70.21)	Acc@2 100.00 (100.00)
Epoch: [0][20/29]	Time  0.417 ( 0.627)	Data  0.000 ( 0.046)	Loss 3.6601e-01 (6.0368e-01)	Acc@1  84.38 ( 77.23)	Acc@2 100.00 (100.00)
Test: [ 0/13]	Time  0.812 ( 0.812)	Loss 2.6236e-02 (2.6236e-02)	Acc@1  98.83 ( 98.83)	Acc@2 100.00 (100.00)
Test: [10/13]	Time  0.119 ( 0.207)	Loss 5.8925e+01 (1.8662e+01)	Acc@1  10.55 ( 63.17)	Acc@2 100.00 (100.00)
 * Acc@1 57.786 Acc@2 100.000
Epoch: [1][ 0/29]	Time  0.719 ( 0.719)	Data  0.575 ( 0.575)	Loss 2.9799e-01 (2.9799e-01)	Acc@1  86.72 ( 86.72)	Acc@2 100.00 (100.00)
Epoch: [1][10/29]	Time  0.427 ( 0.444)	Data  0.000 ( 0.074)	Loss 3.0282e-01 (3.3488e-01)	Acc@1  89.45 ( 86.51)	Acc@2 100.00 (100.00)
Epoch: [1][20/29]	Time  0.412 ( 0.432)	Data  0.000 ( 0.052)	Loss 2.7290e-01 (3.1859e-01)	Acc@1  89.45 ( 87.07)	Acc@2 100.00 (100.00)
Test: [ 0/13]	Time  0.781 ( 0.781)	Loss 3.0814e-01 (3.0814e-01)	Acc@1  89.06 ( 89.06)	Acc@2 100.00 (100.00)
Test: [10/13]	Time  0.122 ( 0.205)	Loss 1.4360e-01 (2.2828e-01)	Acc@1  93.36 ( 91.23)	Acc@2 100.00 (100.00)
 * Acc@1 91.532 Acc@2 100.000
Epoch: [2][ 0/29]	Time  0.761 ( 0.761)	Data  0.611 ( 0.611)	Loss 2.3298e-01 (2.3298e-01)	Acc@1  90.62 ( 90.62)	Acc@2 100.00 (100.00)
Epoch: [2][10/29]	Time  0.418 ( 0.449)	Data  0.000 ( 0.079)	Loss 2.0698e-01 (2.5082e-01)	Acc@1  91.02 ( 89.49)	Acc@2 100.00 (100.00)
Epoch: [2][20/29]	Time  0.419 ( 0.435)	Data  0.000 ( 0.054)	Loss 2.7612e-01 (2.4437e-01)	Acc@1  89.06 ( 89.94)	Acc@2 100.00 (100.00)
Test: [ 0/13]	Time  0.797 ( 0.797)	Loss 2.2477e-01 (2.2477e-01)	Acc@1  90.62 ( 90.62)	Acc@2 100.00 (100.00)
Test: [10/13]	Time  0.120 ( 0.206)	Loss 1.4814e-01 (1.7667e-01)	Acc@1  94.92 ( 93.15)	Acc@2 100.00 (100.00)
 * Acc@1 93.340 Acc@2 100.000
Epoch: [3][ 0/29]	Time  0.824 ( 0.824)	Data  0.676 ( 0.676)	Loss 3.3745e-01 (3.3745e-01)	Acc@1  89.06 ( 89.06)	Acc@2 100.00 (100.00)
Epoch: [3][10/29]	Time  0.411 ( 0.453)	Data  0.000 ( 0.085)	Loss 2.0195e-01 (2.8046e-01)	Acc@1  92.19 ( 88.78)	Acc@2 100.00 (100.00)
Epoch: [3][20/29]	Time  0.420 ( 0.437)	Data  0.000 ( 0.057)	Loss 2.1717e-01 (2.6289e-01)	Acc@1  91.02 ( 89.53)	Acc@2 100.00 (100.00)
Test: [ 0/13]	Time  0.876 ( 0.876)	Loss 2.4014e-01 (2.4014e-01)	Acc@1  89.84 ( 89.84)	Acc@2 100.00 (100.00)
Test: [10/13]	Time  0.120 ( 0.214)	Loss 9.1577e-02 (1.5941e-01)	Acc@1  98.05 ( 93.71)	Acc@2 100.00 (100.00)
 * Acc@1 94.069 Acc@2 100.000
Epoch: [4][ 0/29]	Time  0.864 ( 0.864)	Data  0.708 ( 0.708)	Loss 4.5449e-01 (4.5449e-01)	Acc@1  89.45 ( 89.45)	Acc@2 100.00 (100.00)
Epoch: [4][10/29]	Time  0.427 ( 0.461)	Data  0.000 ( 0.088)	Loss 2.4307e-01 (2.5933e-01)	Acc@1  88.67 ( 89.95)	Acc@2 100.00 (100.00)
Epoch: [4][20/29]	Time  0.417 ( 0.441)	Data  0.000 ( 0.059)	Loss 1.4792e-01 (2.3394e-01)	Acc@1  92.97 ( 90.33)	Acc@2 100.00 (100.00)
Test: [ 0/13]	Time  0.799 ( 0.799)	Loss 1.4386e-01 (1.4386e-01)	Acc@1  92.97 ( 92.97)	Acc@2 100.00 (100.00)
Test: [10/13]	Time  0.121 ( 0.210)	Loss 2.0087e-01 (1.5079e-01)	Acc@1  92.58 ( 94.28)	Acc@2 100.00 (100.00)
 * Acc@1 94.069 Acc@2 100.000
Epoch: [5][ 0/29]	Time  0.800 ( 0.800)	Data  0.649 ( 0.649)	Loss 2.2010e-01 (2.2010e-01)	Acc@1  92.58 ( 92.58)	Acc@2 100.00 (100.00)
Epoch: [5][10/29]	Time  0.426 ( 0.455)	Data  0.000 ( 0.082)	Loss 2.1952e-01 (2.2273e-01)	Acc@1  89.45 ( 90.91)	Acc@2 100.00 (100.00)
Epoch: [5][20/29]	Time  0.418 ( 0.439)	Data  0.000 ( 0.055)	Loss 1.8913e-01 (2.1983e-01)	Acc@1  92.97 ( 91.00)	Acc@2 100.00 (100.00)
Test: [ 0/13]	Time  0.800 ( 0.800)	Loss 1.6660e-01 (1.6660e-01)	Acc@1  91.41 ( 91.41)	Acc@2 100.00 (100.00)
Test: [10/13]	Time  0.124 ( 0.205)	Loss 1.2597e-01 (1.3238e-01)	Acc@1  96.48 ( 94.85)	Acc@2 100.00 (100.00)
 * Acc@1 94.957 Acc@2 100.000
Epoch: [6][ 0/29]	Time  0.772 ( 0.772)	Data  0.617 ( 0.617)	Loss 2.5667e-01 (2.5667e-01)	Acc@1  87.50 ( 87.50)	Acc@2 100.00 (100.00)
Epoch: [6][10/29]	Time  0.427 ( 0.454)	Data  0.000 ( 0.080)	Loss 2.0827e-01 (2.2350e-01)	Acc@1  93.36 ( 91.44)	Acc@2 100.00 (100.00)
Epoch: [6][20/29]	Time  0.425 ( 0.439)	Data  0.000 ( 0.055)	Loss 2.9661e-01 (2.1815e-01)	Acc@1  89.45 ( 91.74)	Acc@2 100.00 (100.00)
Test: [ 0/13]	Time  0.809 ( 0.809)	Loss 1.3826e-01 (1.3826e-01)	Acc@1  92.58 ( 92.58)	Acc@2 100.00 (100.00)
Test: [10/13]	Time  0.125 ( 0.207)	Loss 1.6029e-01 (1.3582e-01)	Acc@1  92.19 ( 94.35)	Acc@2 100.00 (100.00)
 * Acc@1 94.069 Acc@2 100.000
Epoch: [7][ 0/29]	Time  0.806 ( 0.806)	Data  0.651 ( 0.651)	Loss 1.4784e-01 (1.4784e-01)	Acc@1  95.31 ( 95.31)	Acc@2 100.00 (100.00)
Epoch: [7][10/29]	Time  0.415 ( 0.456)	Data  0.000 ( 0.084)	Loss 2.1023e-01 (2.1054e-01)	Acc@1  91.80 ( 91.58)	Acc@2 100.00 (100.00)
Epoch: [7][20/29]	Time  0.426 ( 0.439)	Data  0.000 ( 0.056)	Loss 1.7563e-01 (2.0793e-01)	Acc@1  92.58 ( 91.50)	Acc@2 100.00 (100.00)
Test: [ 0/13]	Time  0.814 ( 0.814)	Loss 1.1898e-01 (1.1898e-01)	Acc@1  92.19 ( 92.19)	Acc@2 100.00 (100.00)
Test: [10/13]	Time  0.122 ( 0.205)	Loss 1.2457e-01 (1.1887e-01)	Acc@1  95.70 ( 95.56)	Acc@2 100.00 (100.00)
 * Acc@1 95.560 Acc@2 100.000
Epoch: [8][ 0/29]	Time  0.798 ( 0.798)	Data  0.647 ( 0.647)	Loss 2.5706e-01 (2.5706e-01)	Acc@1  88.67 ( 88.67)	Acc@2 100.00 (100.00)
Epoch: [8][10/29]	Time  0.421 ( 0.455)	Data  0.000 ( 0.082)	Loss 1.8976e-01 (1.9769e-01)	Acc@1  92.58 ( 91.97)	Acc@2 100.00 (100.00)
Epoch: [8][20/29]	Time  0.427 ( 0.439)	Data  0.000 ( 0.055)	Loss 2.2304e-01 (2.0601e-01)	Acc@1  91.02 ( 91.85)	Acc@2 100.00 (100.00)
Test: [ 0/13]	Time  0.809 ( 0.809)	Loss 1.3213e-01 (1.3213e-01)	Acc@1  93.75 ( 93.75)	Acc@2 100.00 (100.00)
Test: [10/13]	Time  0.124 ( 0.216)	Loss 2.1306e-01 (1.5292e-01)	Acc@1  93.75 ( 94.78)	Acc@2 100.00 (100.00)
 * Acc@1 94.703 Acc@2 100.000
Epoch: [9][ 0/29]	Time  0.795 ( 0.795)	Data  0.647 ( 0.647)	Loss 2.1884e-01 (2.1884e-01)	Acc@1  91.80 ( 91.80)	Acc@2 100.00 (100.00)
Epoch: [9][10/29]	Time  0.426 ( 0.455)	Data  0.000 ( 0.082)	Loss 1.9616e-01 (1.9640e-01)	Acc@1  91.80 ( 92.40)	Acc@2 100.00 (100.00)
Epoch: [9][20/29]	Time  0.421 ( 0.440)	Data  0.000 ( 0.056)	Loss 1.9342e-01 (1.9205e-01)	Acc@1  91.02 ( 92.26)	Acc@2 100.00 (100.00)
Test: [ 0/13]	Time  0.806 ( 0.806)	Loss 8.5301e-02 (8.5301e-02)	Acc@1  95.31 ( 95.31)	Acc@2 100.00 (100.00)
Test: [10/13]	Time  0.123 ( 0.205)	Loss 3.5069e-01 (2.1653e-01)	Acc@1  83.98 ( 90.70)	Acc@2 100.00 (100.00)
 * Acc@1 90.327 Acc@2 100.000
Epoch: [10][ 0/29]	Time  0.750 ( 0.750)	Data  0.598 ( 0.598)	Loss 1.7950e-01 (1.7950e-01)	Acc@1  94.14 ( 94.14)	Acc@2 100.00 (100.00)
Epoch: [10][10/29]	Time  0.423 ( 0.450)	Data  0.000 ( 0.077)	Loss 1.5500e-01 (1.8806e-01)	Acc@1  94.92 ( 92.54)	Acc@2 100.00 (100.00)
Epoch: [10][20/29]	Time  0.421 ( 0.437)	Data  0.000 ( 0.053)	Loss 1.8962e-01 (1.9025e-01)	Acc@1  91.80 ( 92.60)	Acc@2 100.00 (100.00)
Test: [ 0/13]	Time  0.803 ( 0.803)	Loss 1.3950e-01 (1.3950e-01)	Acc@1  92.58 ( 92.58)	Acc@2 100.00 (100.00)
Test: [10/13]	Time  0.121 ( 0.205)	Loss 1.0421e-01 (1.1995e-01)	Acc@1  98.44 ( 95.56)	Acc@2 100.00 (100.00)
 * Acc@1 95.750 Acc@2 100.000
Epoch: [11][ 0/29]	Time  0.778 ( 0.778)	Data  0.627 ( 0.627)	Loss 1.6997e-01 (1.6997e-01)	Acc@1  92.58 ( 92.58)	Acc@2 100.00 (100.00)
Epoch: [11][10/29]	Time  0.413 ( 0.452)	Data  0.000 ( 0.081)	Loss 1.8907e-01 (2.0126e-01)	Acc@1  93.36 ( 92.01)	Acc@2 100.00 (100.00)
Epoch: [11][20/29]	Time  0.428 ( 0.438)	Data  0.000 ( 0.055)	Loss 1.8769e-01 (2.0128e-01)	Acc@1  91.41 ( 91.85)	Acc@2 100.00 (100.00)
Test: [ 0/13]	Time  0.788 ( 0.788)	Loss 1.0622e-01 (1.0622e-01)	Acc@1  93.75 ( 93.75)	Acc@2 100.00 (100.00)
Test: [10/13]	Time  0.121 ( 0.210)	Loss 1.8461e-01 (1.4306e-01)	Acc@1  91.80 ( 94.53)	Acc@2 100.00 (100.00)
 * Acc@1 94.069 Acc@2 100.000
Epoch: [12][ 0/29]	Time  0.796 ( 0.796)	Data  0.644 ( 0.644)	Loss 2.1064e-01 (2.1064e-01)	Acc@1  92.19 ( 92.19)	Acc@2 100.00 (100.00)
Epoch: [12][10/29]	Time  0.428 ( 0.456)	Data  0.000 ( 0.083)	Loss 2.0074e-01 (1.8733e-01)	Acc@1  89.45 ( 92.97)	Acc@2 100.00 (100.00)
Epoch: [12][20/29]	Time  0.422 ( 0.440)	Data  0.000 ( 0.055)	Loss 1.6031e-01 (1.8361e-01)	Acc@1  93.36 ( 92.52)	Acc@2 100.00 (100.00)
Test: [ 0/13]	Time  0.791 ( 0.791)	Loss 1.9494e-01 (1.9494e-01)	Acc@1  90.23 ( 90.23)	Acc@2 100.00 (100.00)
Test: [10/13]	Time  0.122 ( 0.207)	Loss 9.2231e-02 (1.3716e-01)	Acc@1  98.05 ( 94.53)	Acc@2 100.00 (100.00)
 * Acc@1 94.894 Acc@2 100.000
Epoch: [13][ 0/29]	Time  0.827 ( 0.827)	Data  0.667 ( 0.667)	Loss 1.7815e-01 (1.7815e-01)	Acc@1  92.58 ( 92.58)	Acc@2 100.00 (100.00)
Epoch: [13][10/29]	Time  0.426 ( 0.457)	Data  0.000 ( 0.083)	Loss 1.4578e-01 (1.6314e-01)	Acc@1  95.70 ( 93.64)	Acc@2 100.00 (100.00)
Epoch: [13][20/29]	Time  0.421 ( 0.441)	Data  0.000 ( 0.057)	Loss 2.2032e-01 (1.6575e-01)	Acc@1  90.62 ( 93.43)	Acc@2 100.00 (100.00)
Test: [ 0/13]	Time  0.798 ( 0.798)	Loss 1.4600e-01 (1.4600e-01)	Acc@1  93.36 ( 93.36)	Acc@2 100.00 (100.00)
Test: [10/13]	Time  0.122 ( 0.205)	Loss 9.7579e-02 (1.0543e-01)	Acc@1  97.27 ( 96.27)	Acc@2 100.00 (100.00)
 * Acc@1 96.416 Acc@2 100.000
Epoch: [14][ 0/29]	Time  0.766 ( 0.766)	Data  0.616 ( 0.616)	Loss 2.0850e-01 (2.0850e-01)	Acc@1  92.97 ( 92.97)	Acc@2 100.00 (100.00)
Epoch: [14][10/29]	Time  0.426 ( 0.453)	Data  0.000 ( 0.079)	Loss 1.7096e-01 (1.7135e-01)	Acc@1  93.36 ( 93.00)	Acc@2 100.00 (100.00)
Epoch: [14][20/29]	Time  0.428 ( 0.439)	Data  0.000 ( 0.054)	Loss 1.7739e-01 (1.7387e-01)	Acc@1  92.97 ( 93.15)	Acc@2 100.00 (100.00)
Test: [ 0/13]	Time  0.797 ( 0.797)	Loss 9.3728e-02 (9.3728e-02)	Acc@1  94.92 ( 94.92)	Acc@2 100.00 (100.00)
Test: [10/13]	Time  0.121 ( 0.206)	Loss 1.6399e-01 (1.0675e-01)	Acc@1  94.92 ( 96.38)	Acc@2 100.00 (100.00)
 * Acc@1 96.289 Acc@2 100.000
Epoch: [15][ 0/29]	Time  0.789 ( 0.789)	Data  0.630 ( 0.630)	Loss 1.7270e-01 (1.7270e-01)	Acc@1  92.97 ( 92.97)	Acc@2 100.00 (100.00)
Epoch: [15][10/29]	Time  0.416 ( 0.454)	Data  0.000 ( 0.080)	Loss 1.7817e-01 (1.6822e-01)	Acc@1  93.36 ( 93.89)	Acc@2 100.00 (100.00)
Epoch: [15][20/29]	Time  0.425 ( 0.439)	Data  0.000 ( 0.055)	Loss 1.9056e-01 (1.6914e-01)	Acc@1  94.14 ( 93.79)	Acc@2 100.00 (100.00)
Test: [ 0/13]	Time  0.795 ( 0.795)	Loss 1.4742e-01 (1.4742e-01)	Acc@1  93.75 ( 93.75)	Acc@2 100.00 (100.00)
Test: [10/13]	Time  0.120 ( 0.205)	Loss 1.2857e-01 (1.2516e-01)	Acc@1  94.92 ( 95.45)	Acc@2 100.00 (100.00)
 * Acc@1 95.496 Acc@2 100.000
Epoch: [16][ 0/29]	Time  0.815 ( 0.815)	Data  0.660 ( 0.660)	Loss 1.6164e-01 (1.6164e-01)	Acc@1  93.36 ( 93.36)	Acc@2 100.00 (100.00)
Epoch: [16][10/29]	Time  0.424 ( 0.458)	Data  0.000 ( 0.085)	Loss 1.1789e-01 (1.6902e-01)	Acc@1  94.92 ( 93.43)	Acc@2 100.00 (100.00)
Epoch: [16][20/29]	Time  0.426 ( 0.441)	Data  0.000 ( 0.057)	Loss 1.6648e-01 (1.6719e-01)	Acc@1  94.53 ( 93.51)	Acc@2 100.00 (100.00)
Test: [ 0/13]	Time  0.800 ( 0.800)	Loss 1.3827e-01 (1.3827e-01)	Acc@1  94.92 ( 94.92)	Acc@2 100.00 (100.00)
Test: [10/13]	Time  0.125 ( 0.208)	Loss 1.0383e-01 (1.0795e-01)	Acc@1  96.09 ( 96.59)	Acc@2 100.00 (100.00)
 * Acc@1 96.638 Acc@2 100.000
Epoch: [17][ 0/29]	Time  0.754 ( 0.754)	Data  0.596 ( 0.596)	Loss 1.3906e-01 (1.3906e-01)	Acc@1  94.14 ( 94.14)	Acc@2 100.00 (100.00)
Epoch: [17][10/29]	Time  0.424 ( 0.448)	Data  0.000 ( 0.076)	Loss 1.3719e-01 (1.4858e-01)	Acc@1  92.97 ( 94.03)	Acc@2 100.00 (100.00)
Epoch: [17][20/29]	Time  0.419 ( 0.436)	Data  0.000 ( 0.052)	Loss 1.5019e-01 (1.6138e-01)	Acc@1  94.53 ( 94.01)	Acc@2 100.00 (100.00)
Test: [ 0/13]	Time  0.802 ( 0.802)	Loss 1.3387e-01 (1.3387e-01)	Acc@1  92.97 ( 92.97)	Acc@2 100.00 (100.00)
Test: [10/13]	Time  0.124 ( 0.206)	Loss 7.0749e-02 (7.8031e-02)	Acc@1  97.66 ( 97.16)	Acc@2 100.00 (100.00)
 * Acc@1 97.241 Acc@2 100.000
Epoch: [18][ 0/29]	Time  0.774 ( 0.774)	Data  0.623 ( 0.623)	Loss 1.2918e-01 (1.2918e-01)	Acc@1  94.92 ( 94.92)	Acc@2 100.00 (100.00)
Epoch: [18][10/29]	Time  0.419 ( 0.452)	Data  0.000 ( 0.079)	Loss 1.3816e-01 (1.5543e-01)	Acc@1  93.75 ( 94.18)	Acc@2 100.00 (100.00)
Epoch: [18][20/29]	Time  0.432 ( 0.438)	Data  0.000 ( 0.054)	Loss 1.5004e-01 (1.4704e-01)	Acc@1  92.97 ( 94.33)	Acc@2 100.00 (100.00)
Test: [ 0/13]	Time  0.791 ( 0.791)	Loss 3.9825e-01 (3.9825e-01)	Acc@1  87.89 ( 87.89)	Acc@2 100.00 (100.00)
Test: [10/13]	Time  0.123 ( 0.207)	Loss 2.8391e-02 (1.9009e-01)	Acc@1  99.22 ( 92.72)	Acc@2 100.00 (100.00)
 * Acc@1 93.467 Acc@2 100.000
Epoch: [19][ 0/29]	Time  0.847 ( 0.847)	Data  0.687 ( 0.687)	Loss 1.6766e-01 (1.6766e-01)	Acc@1  94.92 ( 94.92)	Acc@2 100.00 (100.00)
Epoch: [19][10/29]	Time  0.414 ( 0.460)	Data  0.000 ( 0.087)	Loss 1.5772e-01 (1.5693e-01)	Acc@1  93.36 ( 93.71)	Acc@2 100.00 (100.00)
Epoch: [19][20/29]	Time  0.422 ( 0.442)	Data  0.000 ( 0.058)	Loss 9.6675e-02 (1.4761e-01)	Acc@1  96.48 ( 94.08)	Acc@2 100.00 (100.00)
Test: [ 0/13]	Time  0.837 ( 0.837)	Loss 7.5156e-02 (7.5156e-02)	Acc@1  95.31 ( 95.31)	Acc@2 100.00 (100.00)
Test: [10/13]	Time  0.125 ( 0.207)	Loss 1.2326e-01 (1.0117e-01)	Acc@1  96.48 ( 96.45)	Acc@2 100.00 (100.00)
 * Acc@1 96.575 Acc@2 100.000
Epoch: [20][ 0/29]	Time  0.769 ( 0.769)	Data  0.614 ( 0.614)	Loss 1.2221e-01 (1.2221e-01)	Acc@1  96.88 ( 96.88)	Acc@2 100.00 (100.00)
Epoch: [20][10/29]	Time  0.427 ( 0.454)	Data  0.000 ( 0.081)	Loss 1.1277e-01 (1.2407e-01)	Acc@1  94.92 ( 95.38)	Acc@2 100.00 (100.00)
Epoch: [20][20/29]	Time  0.425 ( 0.439)	Data  0.000 ( 0.055)	Loss 1.2604e-01 (1.3156e-01)	Acc@1  95.31 ( 95.16)	Acc@2 100.00 (100.00)
Test: [ 0/13]	Time  0.803 ( 0.803)	Loss 1.5105e-01 (1.5105e-01)	Acc@1  94.14 ( 94.14)	Acc@2 100.00 (100.00)
Test: [10/13]	Time  0.120 ( 0.206)	Loss 4.1891e-02 (6.8967e-02)	Acc@1  98.83 ( 97.48)	Acc@2 100.00 (100.00)
 * Acc@1 97.558 Acc@2 100.000
Epoch: [21][ 0/29]	Time  0.794 ( 0.794)	Data  0.640 ( 0.640)	Loss 1.3117e-01 (1.3117e-01)	Acc@1  95.31 ( 95.31)	Acc@2 100.00 (100.00)
Epoch: [21][10/29]	Time  0.425 ( 0.455)	Data  0.000 ( 0.082)	Loss 1.5101e-01 (1.2888e-01)	Acc@1  92.97 ( 94.85)	Acc@2 100.00 (100.00)
Epoch: [21][20/29]	Time  0.417 ( 0.439)	Data  0.000 ( 0.055)	Loss 1.4045e-01 (1.3196e-01)	Acc@1  96.09 ( 94.75)	Acc@2 100.00 (100.00)
Test: [ 0/13]	Time  0.797 ( 0.797)	Loss 1.0087e-01 (1.0087e-01)	Acc@1  96.09 ( 96.09)	Acc@2 100.00 (100.00)
Test: [10/13]	Time  0.123 ( 0.217)	Loss 8.6681e-02 (7.8570e-02)	Acc@1  98.05 ( 97.59)	Acc@2 100.00 (100.00)
 * Acc@1 97.590 Acc@2 100.000
Epoch: [22][ 0/29]	Time  0.776 ( 0.776)	Data  0.626 ( 0.626)	Loss 1.7425e-01 (1.7425e-01)	Acc@1  94.92 ( 94.92)	Acc@2 100.00 (100.00)
Epoch: [22][10/29]	Time  0.437 ( 0.455)	Data  0.000 ( 0.080)	Loss 1.8723e-01 (1.1928e-01)	Acc@1  92.97 ( 95.45)	Acc@2 100.00 (100.00)
Epoch: [22][20/29]	Time  0.427 ( 0.440)	Data  0.000 ( 0.055)	Loss 1.3782e-01 (1.3613e-01)	Acc@1  96.09 ( 94.92)	Acc@2 100.00 (100.00)
Test: [ 0/13]	Time  0.833 ( 0.833)	Loss 1.6228e-01 (1.6228e-01)	Acc@1  94.14 ( 94.14)	Acc@2 100.00 (100.00)
Test: [10/13]	Time  0.123 ( 0.208)	Loss 6.4125e-02 (9.8830e-02)	Acc@1  97.66 ( 96.45)	Acc@2 100.00 (100.00)
 * Acc@1 96.226 Acc@2 100.000
Epoch: [23][ 0/29]	Time  0.837 ( 0.837)	Data  0.685 ( 0.685)	Loss 1.4205e-01 (1.4205e-01)	Acc@1  94.53 ( 94.53)	Acc@2 100.00 (100.00)
Epoch: [23][10/29]	Time  0.418 ( 0.461)	Data  0.000 ( 0.086)	Loss 1.6568e-01 (1.2193e-01)	Acc@1  93.75 ( 95.17)	Acc@2 100.00 (100.00)
Epoch: [23][20/29]	Time  0.433 ( 0.443)	Data  0.000 ( 0.058)	Loss 1.5210e-01 (1.2592e-01)	Acc@1  94.14 ( 95.24)	Acc@2 100.00 (100.00)
Test: [ 0/13]	Time  0.809 ( 0.809)	Loss 1.5329e-01 (1.5329e-01)	Acc@1  94.14 ( 94.14)	Acc@2 100.00 (100.00)
Test: [10/13]	Time  0.123 ( 0.208)	Loss 5.0248e-02 (6.5366e-02)	Acc@1  98.83 ( 97.48)	Acc@2 100.00 (100.00)
 * Acc@1 97.558 Acc@2 100.000
Epoch: [24][ 0/29]	Time  0.852 ( 0.852)	Data  0.691 ( 0.691)	Loss 1.2575e-01 (1.2575e-01)	Acc@1  95.70 ( 95.70)	Acc@2 100.00 (100.00)
Epoch: [24][10/29]	Time  0.421 ( 0.461)	Data  0.000 ( 0.087)	Loss 1.2291e-01 (1.4721e-01)	Acc@1  95.70 ( 94.53)	Acc@2 100.00 (100.00)
Epoch: [24][20/29]	Time  0.427 ( 0.443)	Data  0.000 ( 0.058)	Loss 1.4725e-01 (1.4032e-01)	Acc@1  92.58 ( 94.64)	Acc@2 100.00 (100.00)
Test: [ 0/13]	Time  0.790 ( 0.790)	Loss 1.1549e-01 (1.1549e-01)	Acc@1  95.70 ( 95.70)	Acc@2 100.00 (100.00)
Test: [10/13]	Time  0.123 ( 0.205)	Loss 5.7071e-02 (6.7927e-02)	Acc@1  98.83 ( 98.08)	Acc@2 100.00 (100.00)
 * Acc@1 98.256 Acc@2 100.000
Epoch: [25][ 0/29]	Time  0.780 ( 0.780)	Data  0.625 ( 0.625)	Loss 1.2742e-01 (1.2742e-01)	Acc@1  96.48 ( 96.48)	Acc@2 100.00 (100.00)
Epoch: [25][10/29]	Time  0.431 ( 0.456)	Data  0.000 ( 0.081)	Loss 1.1658e-01 (1.1143e-01)	Acc@1  94.53 ( 95.85)	Acc@2 100.00 (100.00)
Epoch: [25][20/29]	Time  0.421 ( 0.441)	Data  0.000 ( 0.055)	Loss 1.2161e-01 (1.0936e-01)	Acc@1  96.09 ( 96.02)	Acc@2 100.00 (100.00)
Test: [ 0/13]	Time  0.812 ( 0.812)	Loss 1.8255e-01 (1.8255e-01)	Acc@1  93.75 ( 93.75)	Acc@2 100.00 (100.00)
Test: [10/13]	Time  0.122 ( 0.217)	Loss 3.6595e-02 (8.5252e-02)	Acc@1 100.00 ( 97.02)	Acc@2 100.00 (100.00)
 * Acc@1 97.272 Acc@2 100.000
Epoch: [26][ 0/29]	Time  0.768 ( 0.768)	Data  0.616 ( 0.616)	Loss 1.8164e-01 (1.8164e-01)	Acc@1  93.75 ( 93.75)	Acc@2 100.00 (100.00)
Epoch: [26][10/29]	Time  0.421 ( 0.452)	Data  0.000 ( 0.078)	Loss 1.6699e-01 (1.3051e-01)	Acc@1  94.53 ( 95.06)	Acc@2 100.00 (100.00)
Epoch: [26][20/29]	Time  0.428 ( 0.439)	Data  0.000 ( 0.054)	Loss 1.1259e-01 (1.3291e-01)	Acc@1  96.88 ( 95.20)	Acc@2 100.00 (100.00)
Test: [ 0/13]	Time  0.794 ( 0.794)	Loss 2.3805e-01 (2.3805e-01)	Acc@1  92.97 ( 92.97)	Acc@2 100.00 (100.00)
Test: [10/13]	Time  0.124 ( 0.207)	Loss 3.6734e-02 (9.5564e-02)	Acc@1  98.44 ( 96.52)	Acc@2 100.00 (100.00)
 * Acc@1 96.860 Acc@2 100.000
Epoch: [27][ 0/29]	Time  0.810 ( 0.810)	Data  0.658 ( 0.658)	Loss 8.6447e-02 (8.6447e-02)	Acc@1  96.48 ( 96.48)	Acc@2 100.00 (100.00)
Epoch: [27][10/29]	Time  0.414 ( 0.457)	Data  0.000 ( 0.084)	Loss 1.5135e-01 (1.2022e-01)	Acc@1  94.53 ( 95.56)	Acc@2 100.00 (100.00)
Epoch: [27][20/29]	Time  0.432 ( 0.440)	Data  0.000 ( 0.056)	Loss 1.6920e-01 (1.2094e-01)	Acc@1  92.19 ( 95.46)	Acc@2 100.00 (100.00)
Test: [ 0/13]	Time  0.785 ( 0.785)	Loss 1.6719e-01 (1.6719e-01)	Acc@1  94.53 ( 94.53)	Acc@2 100.00 (100.00)
Test: [10/13]	Time  0.121 ( 0.204)	Loss 3.5226e-02 (6.8243e-02)	Acc@1  98.44 ( 97.87)	Acc@2 100.00 (100.00)
 * Acc@1 97.938 Acc@2 100.000
Epoch: [28][ 0/29]	Time  0.735 ( 0.735)	Data  0.582 ( 0.582)	Loss 8.0077e-02 (8.0077e-02)	Acc@1  96.09 ( 96.09)	Acc@2 100.00 (100.00)
Epoch: [28][10/29]	Time  0.428 ( 0.452)	Data  0.000 ( 0.077)	Loss 1.2609e-01 (1.1082e-01)	Acc@1  95.31 ( 96.13)	Acc@2 100.00 (100.00)
Epoch: [28][20/29]	Time  0.420 ( 0.438)	Data  0.000 ( 0.053)	Loss 1.3142e-01 (1.1454e-01)	Acc@1  95.31 ( 95.72)	Acc@2 100.00 (100.00)
Test: [ 0/13]	Time  0.802 ( 0.802)	Loss 1.0869e-01 (1.0869e-01)	Acc@1  96.48 ( 96.48)	Acc@2 100.00 (100.00)
Test: [10/13]	Time  0.121 ( 0.206)	Loss 3.8062e-02 (6.7515e-02)	Acc@1 100.00 ( 98.01)	Acc@2 100.00 (100.00)
 * Acc@1 98.160 Acc@2 100.000
Epoch: [29][ 0/29]	Time  0.781 ( 0.781)	Data  0.620 ( 0.620)	Loss 1.0325e-01 (1.0325e-01)	Acc@1  96.09 ( 96.09)	Acc@2 100.00 (100.00)
Epoch: [29][10/29]	Time  0.427 ( 0.453)	Data  0.000 ( 0.078)	Loss 8.9510e-02 (1.0764e-01)	Acc@1  96.88 ( 95.67)	Acc@2 100.00 (100.00)
Epoch: [29][20/29]	Time  0.417 ( 0.439)	Data  0.000 ( 0.054)	Loss 1.0473e-01 (1.1303e-01)	Acc@1  95.70 ( 95.63)	Acc@2 100.00 (100.00)
Test: [ 0/13]	Time  0.815 ( 0.815)	Loss 2.8420e-01 (2.8420e-01)	Acc@1  92.19 ( 92.19)	Acc@2 100.00 (100.00)
Test: [10/13]	Time  0.123 ( 0.207)	Loss 1.9559e-02 (9.1498e-02)	Acc@1  99.61 ( 96.98)	Acc@2 100.00 (100.00)
 * Acc@1 97.272 Acc@2 100.000
Epoch: [30][ 0/29]	Time  0.765 ( 0.765)	Data  0.604 ( 0.604)	Loss 9.6433e-02 (9.6433e-02)	Acc@1  96.48 ( 96.48)	Acc@2 100.00 (100.00)
Epoch: [30][10/29]	Time  0.426 ( 0.451)	Data  0.000 ( 0.077)	Loss 7.6625e-02 (9.2542e-02)	Acc@1  96.09 ( 96.16)	Acc@2 100.00 (100.00)
Epoch: [30][20/29]	Time  0.426 ( 0.439)	Data  0.000 ( 0.053)	Loss 1.4791e-01 (9.4121e-02)	Acc@1  94.92 ( 96.17)	Acc@2 100.00 (100.00)
Test: [ 0/13]	Time  0.817 ( 0.817)	Loss 1.0493e-01 (1.0493e-01)	Acc@1  96.88 ( 96.88)	Acc@2 100.00 (100.00)
Test: [10/13]	Time  0.122 ( 0.208)	Loss 3.0062e-02 (4.2290e-02)	Acc@1  99.61 ( 98.83)	Acc@2 100.00 (100.00)
 * Acc@1 98.827 Acc@2 100.000
Epoch: [31][ 0/29]	Time  0.794 ( 0.794)	Data  0.642 ( 0.642)	Loss 8.1043e-02 (8.1043e-02)	Acc@1  97.27 ( 97.27)	Acc@2 100.00 (100.00)
Epoch: [31][10/29]	Time  0.417 ( 0.454)	Data  0.000 ( 0.082)	Loss 6.3942e-02 (9.2365e-02)	Acc@1  98.05 ( 96.48)	Acc@2 100.00 (100.00)
Epoch: [31][20/29]	Time  0.432 ( 0.439)	Data  0.000 ( 0.055)	Loss 8.2179e-02 (9.1277e-02)	Acc@1  97.66 ( 96.63)	Acc@2 100.00 (100.00)
Test: [ 0/13]	Time  0.803 ( 0.803)	Loss 7.2642e-02 (7.2642e-02)	Acc@1  97.27 ( 97.27)	Acc@2 100.00 (100.00)
Test: [10/13]	Time  0.122 ( 0.207)	Loss 4.2843e-02 (4.0862e-02)	Acc@1  98.44 ( 98.37)	Acc@2 100.00 (100.00)
 * Acc@1 98.478 Acc@2 100.000
Epoch: [32][ 0/29]	Time  0.815 ( 0.815)	Data  0.662 ( 0.662)	Loss 8.3546e-02 (8.3546e-02)	Acc@1  96.88 ( 96.88)	Acc@2 100.00 (100.00)
Epoch: [32][10/29]	Time  0.429 ( 0.458)	Data  0.000 ( 0.083)	Loss 5.9394e-02 (7.9251e-02)	Acc@1  98.05 ( 96.77)	Acc@2 100.00 (100.00)
Epoch: [32][20/29]	Time  0.426 ( 0.441)	Data  0.000 ( 0.056)	Loss 8.7839e-02 (8.4694e-02)	Acc@1  96.88 ( 96.82)	Acc@2 100.00 (100.00)
Test: [ 0/13]	Time  0.802 ( 0.802)	Loss 9.7925e-02 (9.7925e-02)	Acc@1  96.48 ( 96.48)	Acc@2 100.00 (100.00)
Test: [10/13]	Time  0.124 ( 0.208)	Loss 3.1971e-02 (4.1055e-02)	Acc@1  98.44 ( 98.54)	Acc@2 100.00 (100.00)
 * Acc@1 98.668 Acc@2 100.000
Epoch: [33][ 0/29]	Time  0.749 ( 0.749)	Data  0.597 ( 0.597)	Loss 8.1483e-02 (8.1483e-02)	Acc@1  98.05 ( 98.05)	Acc@2 100.00 (100.00)
Epoch: [33][10/29]	Time  0.422 ( 0.452)	Data  0.000 ( 0.077)	Loss 5.7609e-02 (8.8104e-02)	Acc@1  97.27 ( 96.80)	Acc@2 100.00 (100.00)
Epoch: [33][20/29]	Time  0.420 ( 0.438)	Data  0.000 ( 0.053)	Loss 8.0105e-02 (8.5373e-02)	Acc@1  97.27 ( 96.95)	Acc@2 100.00 (100.00)
Test: [ 0/13]	Time  0.862 ( 0.862)	Loss 1.0114e-01 (1.0114e-01)	Acc@1  96.09 ( 96.09)	Acc@2 100.00 (100.00)
Test: [10/13]	Time  0.122 ( 0.206)	Loss 2.4901e-02 (4.2082e-02)	Acc@1  99.22 ( 98.47)	Acc@2 100.00 (100.00)
 * Acc@1 98.573 Acc@2 100.000
Epoch: [34][ 0/29]	Time  0.777 ( 0.777)	Data  0.624 ( 0.624)	Loss 8.9645e-02 (8.9645e-02)	Acc@1  95.70 ( 95.70)	Acc@2 100.00 (100.00)
Epoch: [34][10/29]	Time  0.423 ( 0.454)	Data  0.000 ( 0.080)	Loss 7.3646e-02 (8.6949e-02)	Acc@1  97.66 ( 96.45)	Acc@2 100.00 (100.00)
Epoch: [34][20/29]	Time  0.421 ( 0.439)	Data  0.000 ( 0.054)	Loss 7.0144e-02 (8.5371e-02)	Acc@1  97.27 ( 96.60)	Acc@2 100.00 (100.00)
Test: [ 0/13]	Time  0.805 ( 0.805)	Loss 9.2196e-02 (9.2196e-02)	Acc@1  96.48 ( 96.48)	Acc@2 100.00 (100.00)
Test: [10/13]	Time  0.122 ( 0.208)	Loss 3.1663e-02 (3.9784e-02)	Acc@1  98.83 ( 98.54)	Acc@2 100.00 (100.00)
 * Acc@1 98.668 Acc@2 100.000
Epoch: [35][ 0/29]	Time  0.829 ( 0.829)	Data  0.676 ( 0.676)	Loss 6.3729e-02 (6.3729e-02)	Acc@1  97.66 ( 97.66)	Acc@2 100.00 (100.00)
Epoch: [35][10/29]	Time  0.412 ( 0.459)	Data  0.000 ( 0.086)	Loss 1.3465e-01 (9.1707e-02)	Acc@1  94.14 ( 96.70)	Acc@2 100.00 (100.00)
Epoch: [35][20/29]	Time  0.430 ( 0.442)	Data  0.000 ( 0.058)	Loss 7.4709e-02 (9.1940e-02)	Acc@1  97.66 ( 96.63)	Acc@2 100.00 (100.00)
Test: [ 0/13]	Time  0.819 ( 0.819)	Loss 9.5622e-02 (9.5622e-02)	Acc@1  97.27 ( 97.27)	Acc@2 100.00 (100.00)
Test: [10/13]	Time  0.122 ( 0.212)	Loss 3.2908e-02 (4.0844e-02)	Acc@1  99.22 ( 98.65)	Acc@2 100.00 (100.00)
 * Acc@1 98.731 Acc@2 100.000
Epoch: [36][ 0/29]	Time  0.769 ( 0.769)	Data  0.616 ( 0.616)	Loss 6.4327e-02 (6.4327e-02)	Acc@1  96.88 ( 96.88)	Acc@2 100.00 (100.00)
Epoch: [36][10/29]	Time  0.430 ( 0.454)	Data  0.000 ( 0.080)	Loss 8.8909e-02 (9.0055e-02)	Acc@1  97.66 ( 96.95)	Acc@2 100.00 (100.00)
Epoch: [36][20/29]	Time  0.428 ( 0.439)	Data  0.000 ( 0.055)	Loss 1.0305e-01 (8.4413e-02)	Acc@1  95.31 ( 97.02)	Acc@2 100.00 (100.00)
Test: [ 0/13]	Time  0.792 ( 0.792)	Loss 7.5683e-02 (7.5683e-02)	Acc@1  97.66 ( 97.66)	Acc@2 100.00 (100.00)
Test: [10/13]	Time  0.124 ( 0.205)	Loss 4.4055e-02 (3.9037e-02)	Acc@1  98.44 ( 98.65)	Acc@2 100.00 (100.00)
 * Acc@1 98.668 Acc@2 100.000
Epoch: [37][ 0/29]	Time  0.791 ( 0.791)	Data  0.640 ( 0.640)	Loss 6.6377e-02 (6.6377e-02)	Acc@1  97.27 ( 97.27)	Acc@2 100.00 (100.00)
Epoch: [37][10/29]	Time  0.420 ( 0.455)	Data  0.000 ( 0.081)	Loss 1.1408e-01 (7.1100e-02)	Acc@1  96.09 ( 97.37)	Acc@2 100.00 (100.00)
Epoch: [37][20/29]	Time  0.407 ( 0.440)	Data  0.000 ( 0.055)	Loss 6.4280e-02 (7.7222e-02)	Acc@1  97.27 ( 97.15)	Acc@2 100.00 (100.00)
Test: [ 0/13]	Time  0.841 ( 0.841)	Loss 9.9137e-02 (9.9137e-02)	Acc@1  96.88 ( 96.88)	Acc@2 100.00 (100.00)
Test: [10/13]	Time  0.124 ( 0.216)	Loss 3.3302e-02 (3.8667e-02)	Acc@1  99.22 ( 98.69)	Acc@2 100.00 (100.00)
 * Acc@1 98.763 Acc@2 100.000
Epoch: [38][ 0/29]	Time  0.779 ( 0.779)	Data  0.628 ( 0.628)	Loss 5.6669e-02 (5.6669e-02)	Acc@1  98.83 ( 98.83)	Acc@2 100.00 (100.00)
Epoch: [38][10/29]	Time  0.424 ( 0.453)	Data  0.000 ( 0.080)	Loss 1.0447e-01 (8.2507e-02)	Acc@1  97.66 ( 97.48)	Acc@2 100.00 (100.00)
Epoch: [38][20/29]	Time  0.418 ( 0.439)	Data  0.000 ( 0.055)	Loss 9.7414e-02 (8.3632e-02)	Acc@1  95.70 ( 97.10)	Acc@2 100.00 (100.00)
Test: [ 0/13]	Time  0.794 ( 0.794)	Loss 9.6603e-02 (9.6603e-02)	Acc@1  96.48 ( 96.48)	Acc@2 100.00 (100.00)
Test: [10/13]	Time  0.122 ( 0.206)	Loss 3.2181e-02 (3.9630e-02)	Acc@1  99.22 ( 98.65)	Acc@2 100.00 (100.00)
 * Acc@1 98.763 Acc@2 100.000
Epoch: [39][ 0/29]	Time  0.845 ( 0.845)	Data  0.685 ( 0.685)	Loss 5.8619e-02 (5.8619e-02)	Acc@1  97.27 ( 97.27)	Acc@2 100.00 (100.00)
Epoch: [39][10/29]	Time  0.416 ( 0.460)	Data  0.000 ( 0.085)	Loss 8.6882e-02 (8.8076e-02)	Acc@1  95.70 ( 96.80)	Acc@2 100.00 (100.00)
Epoch: [39][20/29]	Time  0.421 ( 0.441)	Data  0.000 ( 0.057)	Loss 8.7178e-02 (8.4251e-02)	Acc@1  96.48 ( 96.95)	Acc@2 100.00 (100.00)
Test: [ 0/13]	Time  0.806 ( 0.806)	Loss 1.0794e-01 (1.0794e-01)	Acc@1  96.88 ( 96.88)	Acc@2 100.00 (100.00)
Test: [10/13]	Time  0.123 ( 0.206)	Loss 3.3499e-02 (3.8528e-02)	Acc@1  99.22 ( 98.72)	Acc@2 100.00 (100.00)
 * Acc@1 98.827 Acc@2 100.000
Epoch: [40][ 0/29]	Time  0.802 ( 0.802)	Data  0.650 ( 0.650)	Loss 9.8583e-02 (9.8583e-02)	Acc@1  97.27 ( 97.27)	Acc@2 100.00 (100.00)
Epoch: [40][10/29]	Time  0.424 ( 0.457)	Data  0.000 ( 0.083)	Loss 5.0473e-02 (7.6860e-02)	Acc@1  98.05 ( 97.30)	Acc@2 100.00 (100.00)
Epoch: [40][20/29]	Time  0.430 ( 0.441)	Data  0.000 ( 0.056)	Loss 5.6855e-02 (7.6511e-02)	Acc@1  97.27 ( 97.21)	Acc@2 100.00 (100.00)
Test: [ 0/13]	Time  0.797 ( 0.797)	Loss 9.4228e-02 (9.4228e-02)	Acc@1  97.27 ( 97.27)	Acc@2 100.00 (100.00)
Test: [10/13]	Time  0.123 ( 0.206)	Loss 3.3426e-02 (3.7953e-02)	Acc@1  98.83 ( 98.76)	Acc@2 100.00 (100.00)
 * Acc@1 98.827 Acc@2 100.000
Epoch: [41][ 0/29]	Time  0.804 ( 0.804)	Data  0.643 ( 0.643)	Loss 7.5109e-02 (7.5109e-02)	Acc@1  97.27 ( 97.27)	Acc@2 100.00 (100.00)
Epoch: [41][10/29]	Time  0.429 ( 0.457)	Data  0.000 ( 0.081)	Loss 6.7370e-02 (7.0456e-02)	Acc@1  97.66 ( 97.66)	Acc@2 100.00 (100.00)
Epoch: [41][20/29]	Time  0.411 ( 0.440)	Data  0.000 ( 0.055)	Loss 1.2679e-01 (7.6592e-02)	Acc@1  94.53 ( 97.30)	Acc@2 100.00 (100.00)
Test: [ 0/13]	Time  0.793 ( 0.793)	Loss 1.0202e-01 (1.0202e-01)	Acc@1  97.27 ( 97.27)	Acc@2 100.00 (100.00)
Test: [10/13]	Time  0.122 ( 0.205)	Loss 3.4992e-02 (3.7599e-02)	Acc@1  98.44 ( 98.72)	Acc@2 100.00 (100.00)
 * Acc@1 98.795 Acc@2 100.000
Epoch: [42][ 0/29]	Time  0.826 ( 0.826)	Data  0.673 ( 0.673)	Loss 8.9831e-02 (8.9831e-02)	Acc@1  97.27 ( 97.27)	Acc@2 100.00 (100.00)
Epoch: [42][10/29]	Time  0.422 ( 0.459)	Data  0.000 ( 0.085)	Loss 8.4772e-02 (8.3270e-02)	Acc@1  96.88 ( 97.05)	Acc@2 100.00 (100.00)
Epoch: [42][20/29]	Time  0.423 ( 0.442)	Data  0.000 ( 0.057)	Loss 1.6849e-01 (8.2392e-02)	Acc@1  94.92 ( 96.95)	Acc@2 100.00 (100.00)
Test: [ 0/13]	Time  0.792 ( 0.792)	Loss 9.7535e-02 (9.7535e-02)	Acc@1  96.88 ( 96.88)	Acc@2 100.00 (100.00)
Test: [10/13]	Time  0.124 ( 0.205)	Loss 3.3785e-02 (3.6898e-02)	Acc@1  99.22 ( 98.79)	Acc@2 100.00 (100.00)
 * Acc@1 98.890 Acc@2 100.000
Epoch: [43][ 0/29]	Time  0.824 ( 0.824)	Data  0.670 ( 0.670)	Loss 1.0458e-01 (1.0458e-01)	Acc@1  96.88 ( 96.88)	Acc@2 100.00 (100.00)
Epoch: [43][10/29]	Time  0.418 ( 0.459)	Data  0.000 ( 0.084)	Loss 8.2799e-02 (8.4189e-02)	Acc@1  97.27 ( 97.12)	Acc@2 100.00 (100.00)
Epoch: [43][20/29]	Time  0.427 ( 0.442)	Data  0.000 ( 0.057)	Loss 1.0078e-01 (7.9486e-02)	Acc@1  96.48 ( 97.12)	Acc@2 100.00 (100.00)
Test: [ 0/13]	Time  0.794 ( 0.794)	Loss 9.3793e-02 (9.3793e-02)	Acc@1  96.48 ( 96.48)	Acc@2 100.00 (100.00)
Test: [10/13]	Time  0.123 ( 0.206)	Loss 3.1630e-02 (3.8408e-02)	Acc@1  98.83 ( 98.58)	Acc@2 100.00 (100.00)
 * Acc@1 98.668 Acc@2 100.000
Epoch: [44][ 0/29]	Time  0.795 ( 0.795)	Data  0.642 ( 0.642)	Loss 8.0918e-02 (8.0918e-02)	Acc@1  97.27 ( 97.27)	Acc@2 100.00 (100.00)
Epoch: [44][10/29]	Time  0.434 ( 0.456)	Data  0.000 ( 0.081)	Loss 9.0490e-02 (8.0045e-02)	Acc@1  96.09 ( 96.84)	Acc@2 100.00 (100.00)
Epoch: [44][20/29]	Time  0.425 ( 0.440)	Data  0.000 ( 0.055)	Loss 4.8712e-02 (7.0694e-02)	Acc@1  98.05 ( 97.23)	Acc@2 100.00 (100.00)
Test: [ 0/13]	Time  0.816 ( 0.816)	Loss 1.1255e-01 (1.1255e-01)	Acc@1  96.88 ( 96.88)	Acc@2 100.00 (100.00)
Test: [10/13]	Time  0.121 ( 0.210)	Loss 2.8950e-02 (3.9415e-02)	Acc@1  98.44 ( 98.69)	Acc@2 100.00 (100.00)
 * Acc@1 98.795 Acc@2 100.000
Epoch: [45][ 0/29]	Time  0.815 ( 0.815)	Data  0.653 ( 0.653)	Loss 1.0073e-01 (1.0073e-01)	Acc@1  96.09 ( 96.09)	Acc@2 100.00 (100.00)
Epoch: [45][10/29]	Time  0.425 ( 0.455)	Data  0.000 ( 0.081)	Loss 1.0033e-01 (7.9458e-02)	Acc@1  97.66 ( 97.05)	Acc@2 100.00 (100.00)
Epoch: [45][20/29]	Time  0.413 ( 0.439)	Data  0.000 ( 0.055)	Loss 6.1747e-02 (7.1962e-02)	Acc@1  98.44 ( 97.32)	Acc@2 100.00 (100.00)
Test: [ 0/13]	Time  0.802 ( 0.802)	Loss 1.1568e-01 (1.1568e-01)	Acc@1  96.48 ( 96.48)	Acc@2 100.00 (100.00)
Test: [10/13]	Time  0.125 ( 0.205)	Loss 3.2743e-02 (3.9930e-02)	Acc@1  98.44 ( 98.65)	Acc@2 100.00 (100.00)
 * Acc@1 98.763 Acc@2 100.000
Epoch: [46][ 0/29]	Time  0.774 ( 0.774)	Data  0.623 ( 0.623)	Loss 5.3441e-02 (5.3441e-02)	Acc@1  98.05 ( 98.05)	Acc@2 100.00 (100.00)
Epoch: [46][10/29]	Time  0.435 ( 0.455)	Data  0.000 ( 0.080)	Loss 5.8393e-02 (7.0283e-02)	Acc@1  97.66 ( 97.34)	Acc@2 100.00 (100.00)
Epoch: [46][20/29]	Time  0.424 ( 0.440)	Data  0.000 ( 0.054)	Loss 1.0310e-01 (7.7238e-02)	Acc@1  96.48 ( 97.25)	Acc@2 100.00 (100.00)
Test: [ 0/13]	Time  0.793 ( 0.793)	Loss 9.0657e-02 (9.0657e-02)	Acc@1  96.88 ( 96.88)	Acc@2 100.00 (100.00)
Test: [10/13]	Time  0.123 ( 0.206)	Loss 3.2031e-02 (3.8849e-02)	Acc@1  99.22 ( 98.65)	Acc@2 100.00 (100.00)
 * Acc@1 98.731 Acc@2 100.000
Epoch: [47][ 0/29]	Time  0.775 ( 0.775)	Data  0.621 ( 0.621)	Loss 7.6116e-02 (7.6116e-02)	Acc@1  97.27 ( 97.27)	Acc@2 100.00 (100.00)
Epoch: [47][10/29]	Time  0.420 ( 0.454)	Data  0.000 ( 0.081)	Loss 5.3470e-02 (7.2169e-02)	Acc@1  97.66 ( 97.37)	Acc@2 100.00 (100.00)
Epoch: [47][20/29]	Time  0.425 ( 0.439)	Data  0.000 ( 0.055)	Loss 7.2944e-02 (7.5854e-02)	Acc@1  97.66 ( 97.19)	Acc@2 100.00 (100.00)
Test: [ 0/13]	Time  0.824 ( 0.824)	Loss 8.9307e-02 (8.9307e-02)	Acc@1  97.27 ( 97.27)	Acc@2 100.00 (100.00)
Test: [10/13]	Time  0.123 ( 0.207)	Loss 4.2231e-02 (3.8803e-02)	Acc@1  98.44 ( 98.62)	Acc@2 100.00 (100.00)
 * Acc@1 98.731 Acc@2 100.000
Epoch: [48][ 0/29]	Time  0.818 ( 0.818)	Data  0.656 ( 0.656)	Loss 8.9590e-02 (8.9590e-02)	Acc@1  97.66 ( 97.66)	Acc@2 100.00 (100.00)
Epoch: [48][10/29]	Time  0.432 ( 0.458)	Data  0.000 ( 0.083)	Loss 5.1989e-02 (8.3886e-02)	Acc@1  98.44 ( 97.37)	Acc@2 100.00 (100.00)
Epoch: [48][20/29]	Time  0.429 ( 0.442)	Data  0.000 ( 0.056)	Loss 6.5364e-02 (7.7256e-02)	Acc@1  97.66 ( 97.47)	Acc@2 100.00 (100.00)
Test: [ 0/13]	Time  0.798 ( 0.798)	Loss 1.0348e-01 (1.0348e-01)	Acc@1  96.88 ( 96.88)	Acc@2 100.00 (100.00)
Test: [10/13]	Time  0.123 ( 0.204)	Loss 2.5137e-02 (3.6661e-02)	Acc@1  99.22 ( 98.65)	Acc@2 100.00 (100.00)
 * Acc@1 98.731 Acc@2 100.000
Epoch: [49][ 0/29]	Time  0.833 ( 0.833)	Data  0.679 ( 0.679)	Loss 6.7154e-02 (6.7154e-02)	Acc@1  97.66 ( 97.66)	Acc@2 100.00 (100.00)
Epoch: [49][10/29]	Time  0.428 ( 0.460)	Data  0.000 ( 0.086)	Loss 7.4089e-02 (7.1913e-02)	Acc@1  96.48 ( 97.30)	Acc@2 100.00 (100.00)
Epoch: [49][20/29]	Time  0.419 ( 0.443)	Data  0.000 ( 0.058)	Loss 6.6928e-02 (7.7680e-02)	Acc@1  97.27 ( 97.10)	Acc@2 100.00 (100.00)
Test: [ 0/13]	Time  0.807 ( 0.807)	Loss 1.2255e-01 (1.2255e-01)	Acc@1  96.48 ( 96.48)	Acc@2 100.00 (100.00)
Test: [10/13]	Time  0.125 ( 0.208)	Loss 2.5751e-02 (3.8367e-02)	Acc@1  99.22 ( 98.79)	Acc@2 100.00 (100.00)
 * Acc@1 98.890 Acc@2 100.000
Epoch: [50][ 0/29]	Time  0.762 ( 0.762)	Data  0.611 ( 0.611)	Loss 9.7869e-02 (9.7869e-02)	Acc@1  96.88 ( 96.88)	Acc@2 100.00 (100.00)
Epoch: [50][10/29]	Time  0.423 ( 0.453)	Data  0.000 ( 0.079)	Loss 1.1822e-01 (8.4134e-02)	Acc@1  96.09 ( 96.77)	Acc@2 100.00 (100.00)
Epoch: [50][20/29]	Time  0.421 ( 0.439)	Data  0.000 ( 0.054)	Loss 3.7494e-02 (8.4352e-02)	Acc@1  99.22 ( 96.80)	Acc@2 100.00 (100.00)
Test: [ 0/13]	Time  0.805 ( 0.805)	Loss 6.2151e-02 (6.2151e-02)	Acc@1  97.27 ( 97.27)	Acc@2 100.00 (100.00)
Test: [10/13]	Time  0.122 ( 0.207)	Loss 3.2877e-02 (3.4576e-02)	Acc@1  99.22 ( 98.79)	Acc@2 100.00 (100.00)
 * Acc@1 98.858 Acc@2 100.000
Epoch: [51][ 0/29]	Time  0.773 ( 0.773)	Data  0.623 ( 0.623)	Loss 8.0001e-02 (8.0001e-02)	Acc@1  97.66 ( 97.66)	Acc@2 100.00 (100.00)
Epoch: [51][10/29]	Time  0.415 ( 0.454)	Data  0.000 ( 0.080)	Loss 1.0925e-01 (7.8573e-02)	Acc@1  97.27 ( 97.51)	Acc@2 100.00 (100.00)
Epoch: [51][20/29]	Time  0.435 ( 0.440)	Data  0.000 ( 0.055)	Loss 9.1426e-02 (7.9475e-02)	Acc@1  95.70 ( 97.25)	Acc@2 100.00 (100.00)
Test: [ 0/13]	Time  0.803 ( 0.803)	Loss 9.0001e-02 (9.0001e-02)	Acc@1  97.27 ( 97.27)	Acc@2 100.00 (100.00)
Test: [10/13]	Time  0.123 ( 0.210)	Loss 2.3994e-02 (3.5291e-02)	Acc@1  99.61 ( 98.93)	Acc@2 100.00 (100.00)
 * Acc@1 98.985 Acc@2 100.000
Epoch: [52][ 0/29]	Time  0.783 ( 0.783)	Data  0.630 ( 0.630)	Loss 6.5452e-02 (6.5452e-02)	Acc@1  98.05 ( 98.05)	Acc@2 100.00 (100.00)
Epoch: [52][10/29]	Time  0.429 ( 0.456)	Data  0.000 ( 0.082)	Loss 1.3013e-01 (7.7864e-02)	Acc@1  97.27 ( 97.37)	Acc@2 100.00 (100.00)
Epoch: [52][20/29]	Time  0.423 ( 0.441)	Data  0.000 ( 0.055)	Loss 5.2977e-02 (7.4482e-02)	Acc@1  98.44 ( 97.34)	Acc@2 100.00 (100.00)
Test: [ 0/13]	Time  0.808 ( 0.808)	Loss 8.8403e-02 (8.8403e-02)	Acc@1  97.27 ( 97.27)	Acc@2 100.00 (100.00)
Test: [10/13]	Time  0.122 ( 0.208)	Loss 3.0379e-02 (3.7428e-02)	Acc@1  99.22 ( 98.76)	Acc@2 100.00 (100.00)
 * Acc@1 98.668 Acc@2 100.000
Epoch: [53][ 0/29]	Time  0.761 ( 0.761)	Data  0.608 ( 0.608)	Loss 1.2993e-01 (1.2993e-01)	Acc@1  95.31 ( 95.31)	Acc@2 100.00 (100.00)
Epoch: [53][10/29]	Time  0.426 ( 0.453)	Data  0.000 ( 0.078)	Loss 9.2081e-02 (8.7804e-02)	Acc@1  96.48 ( 97.09)	Acc@2 100.00 (100.00)
Epoch: [53][20/29]	Time  0.418 ( 0.438)	Data  0.000 ( 0.054)	Loss 8.8248e-02 (8.4526e-02)	Acc@1  96.88 ( 96.95)	Acc@2 100.00 (100.00)
Test: [ 0/13]	Time  0.833 ( 0.833)	Loss 9.7826e-02 (9.7826e-02)	Acc@1  96.48 ( 96.48)	Acc@2 100.00 (100.00)
Test: [10/13]	Time  0.121 ( 0.214)	Loss 2.2181e-02 (3.5463e-02)	Acc@1  98.44 ( 98.69)	Acc@2 100.00 (100.00)
 * Acc@1 98.795 Acc@2 100.000
Epoch: [54][ 0/29]	Time  0.795 ( 0.795)	Data  0.642 ( 0.642)	Loss 6.8061e-02 (6.8061e-02)	Acc@1  97.66 ( 97.66)	Acc@2 100.00 (100.00)
Epoch: [54][10/29]	Time  0.426 ( 0.455)	Data  0.000 ( 0.081)	Loss 7.5578e-02 (6.8031e-02)	Acc@1  97.27 ( 97.34)	Acc@2 100.00 (100.00)
Epoch: [54][20/29]	Time  0.428 ( 0.440)	Data  0.000 ( 0.055)	Loss 4.6198e-02 (6.5373e-02)	Acc@1  97.27 ( 97.45)	Acc@2 100.00 (100.00)
Test: [ 0/13]	Time  0.834 ( 0.834)	Loss 1.0093e-01 (1.0093e-01)	Acc@1  96.09 ( 96.09)	Acc@2 100.00 (100.00)
Test: [10/13]	Time  0.123 ( 0.207)	Loss 1.9717e-02 (3.4904e-02)	Acc@1  99.22 ( 98.69)	Acc@2 100.00 (100.00)
 * Acc@1 98.795 Acc@2 100.000
Epoch: [55][ 0/29]	Time  0.832 ( 0.832)	Data  0.676 ( 0.676)	Loss 6.0551e-02 (6.0551e-02)	Acc@1  97.66 ( 97.66)	Acc@2 100.00 (100.00)
Epoch: [55][10/29]	Time  0.415 ( 0.456)	Data  0.000 ( 0.086)	Loss 5.1374e-02 (6.6924e-02)	Acc@1  98.05 ( 97.69)	Acc@2 100.00 (100.00)
Epoch: [55][20/29]	Time  0.420 ( 0.439)	Data  0.000 ( 0.057)	Loss 1.0910e-01 (7.1441e-02)	Acc@1  96.88 ( 97.54)	Acc@2 100.00 (100.00)
Test: [ 0/13]	Time  0.811 ( 0.811)	Loss 1.0730e-01 (1.0730e-01)	Acc@1  96.88 ( 96.88)	Acc@2 100.00 (100.00)
Test: [10/13]	Time  0.123 ( 0.207)	Loss 2.0992e-02 (3.5438e-02)	Acc@1  99.22 ( 98.72)	Acc@2 100.00 (100.00)
 * Acc@1 98.795 Acc@2 100.000
Epoch: [56][ 0/29]	Time  0.807 ( 0.807)	Data  0.647 ( 0.647)	Loss 6.4437e-02 (6.4437e-02)	Acc@1  97.66 ( 97.66)	Acc@2 100.00 (100.00)
Epoch: [56][10/29]	Time  0.421 ( 0.456)	Data  0.000 ( 0.083)	Loss 6.1814e-02 (6.4421e-02)	Acc@1  96.88 ( 97.69)	Acc@2 100.00 (100.00)
Epoch: [56][20/29]	Time  0.426 ( 0.440)	Data  0.000 ( 0.056)	Loss 1.0603e-01 (7.2669e-02)	Acc@1  96.09 ( 97.27)	Acc@2 100.00 (100.00)
Test: [ 0/13]	Time  0.804 ( 0.804)	Loss 1.0681e-01 (1.0681e-01)	Acc@1  96.09 ( 96.09)	Acc@2 100.00 (100.00)
Test: [10/13]	Time  0.125 ( 0.206)	Loss 1.7801e-02 (3.5556e-02)	Acc@1  99.22 ( 98.65)	Acc@2 100.00 (100.00)
 * Acc@1 98.763 Acc@2 100.000
Epoch: [57][ 0/29]	Time  0.796 ( 0.796)	Data  0.633 ( 0.633)	Loss 7.4393e-02 (7.4393e-02)	Acc@1  97.27 ( 97.27)	Acc@2 100.00 (100.00)
Epoch: [57][10/29]	Time  0.419 ( 0.455)	Data  0.000 ( 0.080)	Loss 8.4285e-02 (8.0328e-02)	Acc@1  95.31 ( 96.77)	Acc@2 100.00 (100.00)
Epoch: [57][20/29]	Time  0.407 ( 0.440)	Data  0.000 ( 0.055)	Loss 7.2890e-02 (7.3674e-02)	Acc@1  96.88 ( 97.15)	Acc@2 100.00 (100.00)
Test: [ 0/13]	Time  0.788 ( 0.788)	Loss 8.2270e-02 (8.2270e-02)	Acc@1  97.27 ( 97.27)	Acc@2 100.00 (100.00)
Test: [10/13]	Time  0.126 ( 0.207)	Loss 2.2043e-02 (3.2926e-02)	Acc@1  99.22 ( 98.83)	Acc@2 100.00 (100.00)
 * Acc@1 98.890 Acc@2 100.000
Epoch: [58][ 0/29]	Time  0.802 ( 0.802)	Data  0.652 ( 0.652)	Loss 5.4657e-02 (5.4657e-02)	Acc@1  97.66 ( 97.66)	Acc@2 100.00 (100.00)
Epoch: [58][10/29]	Time  0.424 ( 0.457)	Data  0.000 ( 0.083)	Loss 9.4793e-02 (6.9390e-02)	Acc@1  98.05 ( 97.51)	Acc@2 100.00 (100.00)
Epoch: [58][20/29]	Time  0.426 ( 0.441)	Data  0.000 ( 0.056)	Loss 8.3112e-02 (7.2680e-02)	Acc@1  96.88 ( 97.36)	Acc@2 100.00 (100.00)
Test: [ 0/13]	Time  0.814 ( 0.814)	Loss 9.9838e-02 (9.9838e-02)	Acc@1  96.88 ( 96.88)	Acc@2 100.00 (100.00)
Test: [10/13]	Time  0.122 ( 0.208)	Loss 1.2688e-02 (3.7348e-02)	Acc@1  99.61 ( 98.69)	Acc@2 100.00 (100.00)
 * Acc@1 98.795 Acc@2 100.000
Epoch: [59][ 0/29]	Time  0.799 ( 0.799)	Data  0.646 ( 0.646)	Loss 5.8762e-02 (5.8762e-02)	Acc@1  97.27 ( 97.27)	Acc@2 100.00 (100.00)
Epoch: [59][10/29]	Time  0.417 ( 0.456)	Data  0.000 ( 0.082)	Loss 5.8052e-02 (7.1619e-02)	Acc@1  97.66 ( 97.09)	Acc@2 100.00 (100.00)
Epoch: [59][20/29]	Time  0.425 ( 0.440)	Data  0.000 ( 0.056)	Loss 8.4967e-02 (7.1783e-02)	Acc@1  97.27 ( 97.25)	Acc@2 100.00 (100.00)
Test: [ 0/13]	Time  0.823 ( 0.823)	Loss 1.0078e-01 (1.0078e-01)	Acc@1  97.27 ( 97.27)	Acc@2 100.00 (100.00)
Test: [10/13]	Time  0.125 ( 0.208)	Loss 2.3512e-02 (3.5597e-02)	Acc@1  98.44 ( 98.83)	Acc@2 100.00 (100.00)
 * Acc@1 98.922 Acc@2 100.000
Epoch: [60][ 0/29]	Time  0.789 ( 0.789)	Data  0.639 ( 0.639)	Loss 1.2164e-01 (1.2164e-01)	Acc@1  95.31 ( 95.31)	Acc@2 100.00 (100.00)
Epoch: [60][10/29]	Time  0.427 ( 0.456)	Data  0.000 ( 0.082)	Loss 4.2787e-02 (7.5463e-02)	Acc@1  99.22 ( 97.48)	Acc@2 100.00 (100.00)
Epoch: [60][20/29]	Time  0.428 ( 0.440)	Data  0.000 ( 0.056)	Loss 3.3284e-02 (7.0636e-02)	Acc@1  99.61 ( 97.62)	Acc@2 100.00 (100.00)
Test: [ 0/13]	Time  0.805 ( 0.805)	Loss 9.0421e-02 (9.0421e-02)	Acc@1  96.88 ( 96.88)	Acc@2 100.00 (100.00)
Test: [10/13]	Time  0.123 ( 0.207)	Loss 1.6383e-02 (3.2280e-02)	Acc@1  99.22 ( 98.86)	Acc@2 100.00 (100.00)
 * Acc@1 98.953 Acc@2 100.000
Epoch: [61][ 0/29]	Time  0.773 ( 0.773)	Data  0.614 ( 0.614)	Loss 5.2335e-02 (5.2335e-02)	Acc@1  97.27 ( 97.27)	Acc@2 100.00 (100.00)
Epoch: [61][10/29]	Time  0.424 ( 0.453)	Data  0.000 ( 0.078)	Loss 4.3480e-02 (6.2284e-02)	Acc@1  98.44 ( 97.66)	Acc@2 100.00 (100.00)
Epoch: [61][20/29]	Time  0.413 ( 0.439)	Data  0.000 ( 0.054)	Loss 4.6635e-02 (6.6163e-02)	Acc@1  98.44 ( 97.45)	Acc@2 100.00 (100.00)
Test: [ 0/13]	Time  0.804 ( 0.804)	Loss 8.5229e-02 (8.5229e-02)	Acc@1  96.88 ( 96.88)	Acc@2 100.00 (100.00)
Test: [10/13]	Time  0.122 ( 0.207)	Loss 1.6659e-02 (3.1564e-02)	Acc@1  99.22 ( 98.93)	Acc@2 100.00 (100.00)
 * Acc@1 98.985 Acc@2 100.000
Epoch: [62][ 0/29]	Time  0.792 ( 0.792)	Data  0.641 ( 0.641)	Loss 8.4232e-02 (8.4232e-02)	Acc@1  96.88 ( 96.88)	Acc@2 100.00 (100.00)
Epoch: [62][10/29]	Time  0.428 ( 0.455)	Data  0.000 ( 0.081)	Loss 4.2669e-02 (6.4454e-02)	Acc@1  98.44 ( 97.66)	Acc@2 100.00 (100.00)
Epoch: [62][20/29]	Time  0.426 ( 0.440)	Data  0.000 ( 0.056)	Loss 3.7644e-02 (6.6131e-02)	Acc@1  99.22 ( 97.56)	Acc@2 100.00 (100.00)
Test: [ 0/13]	Time  0.799 ( 0.799)	Loss 8.8030e-02 (8.8030e-02)	Acc@1  96.88 ( 96.88)	Acc@2 100.00 (100.00)
Test: [10/13]	Time  0.125 ( 0.210)	Loss 1.5498e-02 (3.1622e-02)	Acc@1  99.22 ( 98.83)	Acc@2 100.00 (100.00)
 * Acc@1 98.922 Acc@2 100.000
Epoch: [63][ 0/29]	Time  0.801 ( 0.801)	Data  0.647 ( 0.647)	Loss 8.4968e-02 (8.4968e-02)	Acc@1  96.88 ( 96.88)	Acc@2 100.00 (100.00)
Epoch: [63][10/29]	Time  0.418 ( 0.458)	Data  0.000 ( 0.083)	Loss 7.1445e-02 (6.4162e-02)	Acc@1  96.48 ( 97.66)	Acc@2 100.00 (100.00)
Epoch: [63][20/29]	Time  0.426 ( 0.441)	Data  0.000 ( 0.056)	Loss 4.5163e-02 (6.8489e-02)	Acc@1  97.66 ( 97.49)	Acc@2 100.00 (100.00)
Test: [ 0/13]	Time  0.799 ( 0.799)	Loss 7.9711e-02 (7.9711e-02)	Acc@1  97.27 ( 97.27)	Acc@2 100.00 (100.00)
Test: [10/13]	Time  0.124 ( 0.208)	Loss 1.8012e-02 (3.1116e-02)	Acc@1  99.22 ( 98.86)	Acc@2 100.00 (100.00)
 * Acc@1 98.953 Acc@2 100.000
Epoch: [64][ 0/29]	Time  0.810 ( 0.810)	Data  0.666 ( 0.666)	Loss 8.8474e-02 (8.8474e-02)	Acc@1  96.88 ( 96.88)	Acc@2 100.00 (100.00)
Epoch: [64][10/29]	Time  0.426 ( 0.458)	Data  0.000 ( 0.084)	Loss 7.3691e-02 (6.9479e-02)	Acc@1  96.88 ( 97.44)	Acc@2 100.00 (100.00)
Epoch: [64][20/29]	Time  0.430 ( 0.442)	Data  0.000 ( 0.057)	Loss 5.4452e-02 (6.7938e-02)	Acc@1  98.05 ( 97.49)	Acc@2 100.00 (100.00)
Test: [ 0/13]	Time  0.833 ( 0.833)	Loss 7.8926e-02 (7.8926e-02)	Acc@1  97.27 ( 97.27)	Acc@2 100.00 (100.00)
Test: [10/13]	Time  0.123 ( 0.208)	Loss 1.7997e-02 (3.0568e-02)	Acc@1  99.22 ( 98.90)	Acc@2 100.00 (100.00)
 * Acc@1 98.985 Acc@2 100.000
Epoch: [65][ 0/29]	Time  0.773 ( 0.773)	Data  0.622 ( 0.622)	Loss 6.8758e-02 (6.8758e-02)	Acc@1  96.88 ( 96.88)	Acc@2 100.00 (100.00)
Epoch: [65][10/29]	Time  0.430 ( 0.454)	Data  0.000 ( 0.079)	Loss 2.9529e-02 (6.5646e-02)	Acc@1  99.61 ( 97.59)	Acc@2 100.00 (100.00)
Epoch: [65][20/29]	Time  0.419 ( 0.440)	Data  0.000 ( 0.055)	Loss 9.9813e-02 (6.7425e-02)	Acc@1  96.09 ( 97.47)	Acc@2 100.00 (100.00)
Test: [ 0/13]	Time  0.824 ( 0.824)	Loss 7.9147e-02 (7.9147e-02)	Acc@1  96.88 ( 96.88)	Acc@2 100.00 (100.00)
Test: [10/13]	Time  0.124 ( 0.210)	Loss 1.7240e-02 (3.0484e-02)	Acc@1  99.22 ( 98.86)	Acc@2 100.00 (100.00)
 * Acc@1 98.953 Acc@2 100.000
Epoch: [66][ 0/29]	Time  0.802 ( 0.802)	Data  0.650 ( 0.650)	Loss 5.5626e-02 (5.5626e-02)	Acc@1  97.66 ( 97.66)	Acc@2 100.00 (100.00)
Epoch: [66][10/29]	Time  0.422 ( 0.456)	Data  0.000 ( 0.082)	Loss 5.7229e-02 (6.5511e-02)	Acc@1  98.83 ( 98.05)	Acc@2 100.00 (100.00)
Epoch: [66][20/29]	Time  0.424 ( 0.441)	Data  0.000 ( 0.056)	Loss 6.5921e-02 (6.7591e-02)	Acc@1  96.48 ( 97.49)	Acc@2 100.00 (100.00)
Test: [ 0/13]	Time  0.779 ( 0.779)	Loss 7.8076e-02 (7.8076e-02)	Acc@1  97.27 ( 97.27)	Acc@2 100.00 (100.00)
Test: [10/13]	Time  0.122 ( 0.206)	Loss 1.6503e-02 (3.0127e-02)	Acc@1  99.61 ( 98.93)	Acc@2 100.00 (100.00)
 * Acc@1 99.017 Acc@2 100.000
Epoch: [67][ 0/29]	Time  0.797 ( 0.797)	Data  0.633 ( 0.633)	Loss 7.4308e-02 (7.4308e-02)	Acc@1  97.66 ( 97.66)	Acc@2 100.00 (100.00)
Epoch: [67][10/29]	Time  0.426 ( 0.456)	Data  0.000 ( 0.080)	Loss 6.9522e-02 (6.8036e-02)	Acc@1  98.44 ( 97.69)	Acc@2 100.00 (100.00)
Epoch: [67][20/29]	Time  0.430 ( 0.440)	Data  0.000 ( 0.054)	Loss 6.1712e-02 (6.9044e-02)	Acc@1  97.27 ( 97.58)	Acc@2 100.00 (100.00)
Test: [ 0/13]	Time  0.814 ( 0.814)	Loss 8.4274e-02 (8.4274e-02)	Acc@1  96.88 ( 96.88)	Acc@2 100.00 (100.00)
Test: [10/13]	Time  0.123 ( 0.207)	Loss 1.3981e-02 (3.1183e-02)	Acc@1  99.61 ( 98.93)	Acc@2 100.00 (100.00)
 * Acc@1 99.017 Acc@2 100.000
Epoch: [68][ 0/29]	Time  0.787 ( 0.787)	Data  0.634 ( 0.634)	Loss 4.6389e-02 (4.6389e-02)	Acc@1  98.05 ( 98.05)	Acc@2 100.00 (100.00)
Epoch: [68][10/29]	Time  0.423 ( 0.457)	Data  0.000 ( 0.083)	Loss 5.9264e-02 (5.9629e-02)	Acc@1  97.66 ( 98.22)	Acc@2 100.00 (100.00)
Epoch: [68][20/29]	Time  0.422 ( 0.441)	Data  0.000 ( 0.056)	Loss 8.2996e-02 (6.7486e-02)	Acc@1  97.27 ( 97.66)	Acc@2 100.00 (100.00)
Test: [ 0/13]	Time  0.792 ( 0.792)	Loss 7.8021e-02 (7.8021e-02)	Acc@1  97.27 ( 97.27)	Acc@2 100.00 (100.00)
Test: [10/13]	Time  0.120 ( 0.209)	Loss 1.7210e-02 (3.0283e-02)	Acc@1  99.61 ( 98.97)	Acc@2 100.00 (100.00)
 * Acc@1 99.049 Acc@2 100.000
Epoch: [69][ 0/29]	Time  0.774 ( 0.774)	Data  0.623 ( 0.623)	Loss 7.9091e-02 (7.9091e-02)	Acc@1  97.27 ( 97.27)	Acc@2 100.00 (100.00)
Epoch: [69][10/29]	Time  0.422 ( 0.454)	Data  0.000 ( 0.080)	Loss 6.1214e-02 (7.2894e-02)	Acc@1  97.66 ( 97.51)	Acc@2 100.00 (100.00)
Epoch: [69][20/29]	Time  0.415 ( 0.439)	Data  0.000 ( 0.055)	Loss 3.0984e-02 (6.8482e-02)	Acc@1  98.44 ( 97.62)	Acc@2 100.00 (100.00)
Test: [ 0/13]	Time  0.818 ( 0.818)	Loss 8.1916e-02 (8.1916e-02)	Acc@1  96.88 ( 96.88)	Acc@2 100.00 (100.00)
Test: [10/13]	Time  0.124 ( 0.208)	Loss 1.4078e-02 (3.0350e-02)	Acc@1  99.61 ( 98.93)	Acc@2 100.00 (100.00)
 * Acc@1 99.017 Acc@2 100.000
Epoch: [70][ 0/29]	Time  0.810 ( 0.810)	Data  0.663 ( 0.663)	Loss 4.9812e-02 (4.9812e-02)	Acc@1  98.05 ( 98.05)	Acc@2 100.00 (100.00)
Epoch: [70][10/29]	Time  0.428 ( 0.457)	Data  0.000 ( 0.083)	Loss 7.9645e-02 (5.9766e-02)	Acc@1  97.66 ( 97.83)	Acc@2 100.00 (100.00)
Epoch: [70][20/29]	Time  0.432 ( 0.442)	Data  0.000 ( 0.056)	Loss 1.0711e-01 (6.3652e-02)	Acc@1  94.92 ( 97.67)	Acc@2 100.00 (100.00)
Test: [ 0/13]	Time  0.791 ( 0.791)	Loss 8.7126e-02 (8.7126e-02)	Acc@1  97.27 ( 97.27)	Acc@2 100.00 (100.00)
Test: [10/13]	Time  0.124 ( 0.207)	Loss 1.5313e-02 (3.0338e-02)	Acc@1  99.61 ( 99.04)	Acc@2 100.00 (100.00)
 * Acc@1 99.112 Acc@2 100.000
Epoch: [71][ 0/29]	Time  0.757 ( 0.757)	Data  0.598 ( 0.598)	Loss 1.0006e-01 (1.0006e-01)	Acc@1  96.88 ( 96.88)	Acc@2 100.00 (100.00)
Epoch: [71][10/29]	Time  0.420 ( 0.451)	Data  0.000 ( 0.078)	Loss 1.0686e-01 (7.1451e-02)	Acc@1  96.48 ( 97.27)	Acc@2 100.00 (100.00)
Epoch: [71][20/29]	Time  0.427 ( 0.438)	Data  0.000 ( 0.053)	Loss 4.0789e-02 (6.3750e-02)	Acc@1  98.05 ( 97.56)	Acc@2 100.00 (100.00)
Test: [ 0/13]	Time  0.836 ( 0.836)	Loss 7.6765e-02 (7.6765e-02)	Acc@1  97.27 ( 97.27)	Acc@2 100.00 (100.00)
Test: [10/13]	Time  0.123 ( 0.207)	Loss 1.7383e-02 (2.9272e-02)	Acc@1  99.61 ( 99.04)	Acc@2 100.00 (100.00)
 * Acc@1 99.080 Acc@2 100.000
Epoch: [72][ 0/29]	Time  0.807 ( 0.807)	Data  0.654 ( 0.654)	Loss 7.3305e-02 (7.3305e-02)	Acc@1  97.66 ( 97.66)	Acc@2 100.00 (100.00)
Epoch: [72][10/29]	Time  0.424 ( 0.457)	Data  0.000 ( 0.083)	Loss 4.9221e-02 (5.7068e-02)	Acc@1  98.83 ( 98.01)	Acc@2 100.00 (100.00)
Epoch: [72][20/29]	Time  0.418 ( 0.440)	Data  0.000 ( 0.056)	Loss 7.6869e-02 (6.2995e-02)	Acc@1  96.48 ( 97.73)	Acc@2 100.00 (100.00)
Test: [ 0/13]	Time  0.836 ( 0.836)	Loss 8.6750e-02 (8.6750e-02)	Acc@1  96.88 ( 96.88)	Acc@2 100.00 (100.00)
Test: [10/13]	Time  0.124 ( 0.210)	Loss 1.5832e-02 (3.0026e-02)	Acc@1  99.61 ( 99.11)	Acc@2 100.00 (100.00)
 * Acc@1 99.144 Acc@2 100.000
Epoch: [73][ 0/29]	Time  0.841 ( 0.841)	Data  0.679 ( 0.679)	Loss 5.4376e-02 (5.4376e-02)	Acc@1  97.66 ( 97.66)	Acc@2 100.00 (100.00)
Epoch: [73][10/29]	Time  0.435 ( 0.460)	Data  0.000 ( 0.084)	Loss 1.0163e-01 (6.3991e-02)	Acc@1  97.27 ( 97.80)	Acc@2 100.00 (100.00)
Epoch: [73][20/29]	Time  0.418 ( 0.442)	Data  0.000 ( 0.057)	Loss 4.3644e-02 (6.5167e-02)	Acc@1  98.44 ( 97.79)	Acc@2 100.00 (100.00)
Test: [ 0/13]	Time  0.796 ( 0.796)	Loss 7.7315e-02 (7.7315e-02)	Acc@1  97.27 ( 97.27)	Acc@2 100.00 (100.00)
Test: [10/13]	Time  0.124 ( 0.209)	Loss 1.7367e-02 (2.9168e-02)	Acc@1  99.22 ( 98.93)	Acc@2 100.00 (100.00)
 * Acc@1 99.017 Acc@2 100.000
Epoch: [74][ 0/29]	Time  0.748 ( 0.748)	Data  0.597 ( 0.597)	Loss 6.9840e-02 (6.9840e-02)	Acc@1  97.66 ( 97.66)	Acc@2 100.00 (100.00)
Epoch: [74][10/29]	Time  0.423 ( 0.451)	Data  0.000 ( 0.077)	Loss 6.1153e-02 (6.9780e-02)	Acc@1  98.05 ( 97.05)	Acc@2 100.00 (100.00)
Epoch: [74][20/29]	Time  0.414 ( 0.438)	Data  0.000 ( 0.053)	Loss 5.3062e-02 (6.5328e-02)	Acc@1  98.44 ( 97.53)	Acc@2 100.00 (100.00)
Test: [ 0/13]	Time  0.777 ( 0.777)	Loss 7.0351e-02 (7.0351e-02)	Acc@1  97.66 ( 97.66)	Acc@2 100.00 (100.00)
Test: [10/13]	Time  0.122 ( 0.207)	Loss 1.7668e-02 (2.8688e-02)	Acc@1  99.61 ( 99.01)	Acc@2 100.00 (100.00)
 * Acc@1 99.080 Acc@2 100.000
Epoch: [75][ 0/29]	Time  0.782 ( 0.782)	Data  0.622 ( 0.622)	Loss 5.9953e-02 (5.9953e-02)	Acc@1  98.44 ( 98.44)	Acc@2 100.00 (100.00)
Epoch: [75][10/29]	Time  0.426 ( 0.454)	Data  0.000 ( 0.079)	Loss 6.6493e-02 (6.1936e-02)	Acc@1  97.27 ( 97.76)	Acc@2 100.00 (100.00)
Epoch: [75][20/29]	Time  0.430 ( 0.440)	Data  0.000 ( 0.054)	Loss 7.9707e-02 (6.6801e-02)	Acc@1  96.48 ( 97.53)	Acc@2 100.00 (100.00)
Test: [ 0/13]	Time  0.814 ( 0.814)	Loss 8.3829e-02 (8.3829e-02)	Acc@1  97.27 ( 97.27)	Acc@2 100.00 (100.00)
Test: [10/13]	Time  0.123 ( 0.206)	Loss 1.4510e-02 (2.9500e-02)	Acc@1  99.61 ( 99.11)	Acc@2 100.00 (100.00)
 * Acc@1 99.175 Acc@2 100.000
Epoch: [76][ 0/29]	Time  0.796 ( 0.796)	Data  0.636 ( 0.636)	Loss 7.5089e-02 (7.5089e-02)	Acc@1  96.88 ( 96.88)	Acc@2 100.00 (100.00)
Epoch: [76][10/29]	Time  0.428 ( 0.457)	Data  0.000 ( 0.081)	Loss 6.4603e-02 (6.6226e-02)	Acc@1  97.27 ( 97.16)	Acc@2 100.00 (100.00)
Epoch: [76][20/29]	Time  0.420 ( 0.441)	Data  0.000 ( 0.055)	Loss 4.1472e-02 (6.6683e-02)	Acc@1  98.83 ( 97.32)	Acc@2 100.00 (100.00)
Test: [ 0/13]	Time  0.827 ( 0.827)	Loss 7.4807e-02 (7.4807e-02)	Acc@1  97.27 ( 97.27)	Acc@2 100.00 (100.00)
Test: [10/13]	Time  0.123 ( 0.207)	Loss 1.8378e-02 (2.9139e-02)	Acc@1  99.22 ( 99.08)	Acc@2 100.00 (100.00)
 * Acc@1 99.144 Acc@2 100.000
Epoch: [77][ 0/29]	Time  0.788 ( 0.788)	Data  0.636 ( 0.636)	Loss 4.7825e-02 (4.7825e-02)	Acc@1  98.44 ( 98.44)	Acc@2 100.00 (100.00)
Epoch: [77][10/29]	Time  0.426 ( 0.455)	Data  0.000 ( 0.081)	Loss 4.7086e-02 (5.8037e-02)	Acc@1  98.83 ( 98.05)	Acc@2 100.00 (100.00)
Epoch: [77][20/29]	Time  0.417 ( 0.440)	Data  0.000 ( 0.055)	Loss 5.8434e-02 (6.0492e-02)	Acc@1  98.05 ( 97.99)	Acc@2 100.00 (100.00)
Test: [ 0/13]	Time  0.809 ( 0.809)	Loss 8.9155e-02 (8.9155e-02)	Acc@1  97.66 ( 97.66)	Acc@2 100.00 (100.00)
Test: [10/13]	Time  0.125 ( 0.210)	Loss 1.2886e-02 (3.0151e-02)	Acc@1  99.61 ( 99.15)	Acc@2 100.00 (100.00)
 * Acc@1 99.207 Acc@2 100.000
Epoch: [78][ 0/29]	Time  0.788 ( 0.788)	Data  0.638 ( 0.638)	Loss 5.9817e-02 (5.9817e-02)	Acc@1  97.27 ( 97.27)	Acc@2 100.00 (100.00)
Epoch: [78][10/29]	Time  0.427 ( 0.456)	Data  0.000 ( 0.081)	Loss 4.6223e-02 (6.0650e-02)	Acc@1  98.05 ( 97.62)	Acc@2 100.00 (100.00)
Epoch: [78][20/29]	Time  0.429 ( 0.441)	Data  0.000 ( 0.055)	Loss 1.0915e-01 (6.4219e-02)	Acc@1  96.48 ( 97.73)	Acc@2 100.00 (100.00)
Test: [ 0/13]	Time  0.795 ( 0.795)	Loss 8.7104e-02 (8.7104e-02)	Acc@1  97.27 ( 97.27)	Acc@2 100.00 (100.00)
Test: [10/13]	Time  0.124 ( 0.207)	Loss 1.4320e-02 (2.9432e-02)	Acc@1  99.61 ( 99.11)	Acc@2 100.00 (100.00)
 * Acc@1 99.144 Acc@2 100.000
Epoch: [79][ 0/29]	Time  0.800 ( 0.800)	Data  0.646 ( 0.646)	Loss 6.6834e-02 (6.6834e-02)	Acc@1  96.88 ( 96.88)	Acc@2 100.00 (100.00)
Epoch: [79][10/29]	Time  0.422 ( 0.455)	Data  0.000 ( 0.082)	Loss 5.2030e-02 (5.9690e-02)	Acc@1  98.83 ( 97.98)	Acc@2 100.00 (100.00)
Epoch: [79][20/29]	Time  0.425 ( 0.440)	Data  0.000 ( 0.056)	Loss 9.2128e-02 (6.2035e-02)	Acc@1  96.88 ( 97.86)	Acc@2 100.00 (100.00)
Test: [ 0/13]	Time  0.820 ( 0.820)	Loss 8.8349e-02 (8.8349e-02)	Acc@1  97.27 ( 97.27)	Acc@2 100.00 (100.00)
Test: [10/13]	Time  0.124 ( 0.208)	Loss 1.3204e-02 (2.9527e-02)	Acc@1  99.61 ( 99.11)	Acc@2 100.00 (100.00)
 * Acc@1 99.175 Acc@2 100.000
Epoch: [80][ 0/29]	Time  0.798 ( 0.798)	Data  0.646 ( 0.646)	Loss 7.3708e-02 (7.3708e-02)	Acc@1  97.66 ( 97.66)	Acc@2 100.00 (100.00)
Epoch: [80][10/29]	Time  0.417 ( 0.457)	Data  0.000 ( 0.083)	Loss 9.3351e-02 (6.2755e-02)	Acc@1  96.88 ( 97.73)	Acc@2 100.00 (100.00)
Epoch: [80][20/29]	Time  0.433 ( 0.441)	Data  0.000 ( 0.056)	Loss 3.3971e-02 (5.9400e-02)	Acc@1  98.83 ( 97.81)	Acc@2 100.00 (100.00)
Test: [ 0/13]	Time  0.802 ( 0.802)	Loss 9.2424e-02 (9.2424e-02)	Acc@1  97.27 ( 97.27)	Acc@2 100.00 (100.00)
Test: [10/13]	Time  0.125 ( 0.206)	Loss 1.2965e-02 (3.0141e-02)	Acc@1  99.61 ( 99.04)	Acc@2 100.00 (100.00)
 * Acc@1 99.080 Acc@2 100.000
Epoch: [81][ 0/29]	Time  0.818 ( 0.818)	Data  0.660 ( 0.660)	Loss 5.7641e-02 (5.7641e-02)	Acc@1  98.05 ( 98.05)	Acc@2 100.00 (100.00)
Epoch: [81][10/29]	Time  0.434 ( 0.459)	Data  0.000 ( 0.084)	Loss 1.0729e-01 (6.4743e-02)	Acc@1  96.09 ( 97.87)	Acc@2 100.00 (100.00)
Epoch: [81][20/29]	Time  0.427 ( 0.442)	Data  0.000 ( 0.057)	Loss 5.3743e-02 (6.8726e-02)	Acc@1  97.66 ( 97.71)	Acc@2 100.00 (100.00)
Test: [ 0/13]	Time  0.862 ( 0.862)	Loss 8.8441e-02 (8.8441e-02)	Acc@1  97.27 ( 97.27)	Acc@2 100.00 (100.00)
Test: [10/13]	Time  0.121 ( 0.219)	Loss 1.4710e-02 (2.9848e-02)	Acc@1  99.61 ( 99.04)	Acc@2 100.00 (100.00)
 * Acc@1 99.112 Acc@2 100.000
Epoch: [82][ 0/29]	Time  0.823 ( 0.823)	Data  0.675 ( 0.675)	Loss 6.0134e-02 (6.0134e-02)	Acc@1  97.27 ( 97.27)	Acc@2 100.00 (100.00)
Epoch: [82][10/29]	Time  0.421 ( 0.457)	Data  0.000 ( 0.084)	Loss 8.6918e-02 (6.9313e-02)	Acc@1  96.48 ( 97.62)	Acc@2 100.00 (100.00)
Epoch: [82][20/29]	Time  0.426 ( 0.441)	Data  0.000 ( 0.057)	Loss 7.3808e-02 (7.1590e-02)	Acc@1  97.66 ( 97.36)	Acc@2 100.00 (100.00)
Test: [ 0/13]	Time  0.828 ( 0.828)	Loss 8.4969e-02 (8.4969e-02)	Acc@1  97.27 ( 97.27)	Acc@2 100.00 (100.00)
Test: [10/13]	Time  0.123 ( 0.210)	Loss 1.5697e-02 (2.9284e-02)	Acc@1  99.61 ( 99.18)	Acc@2 100.00 (100.00)
 * Acc@1 99.207 Acc@2 100.000
Epoch: [83][ 0/29]	Time  0.800 ( 0.800)	Data  0.647 ( 0.647)	Loss 8.8198e-02 (8.8198e-02)	Acc@1  98.05 ( 98.05)	Acc@2 100.00 (100.00)
Epoch: [83][10/29]	Time  0.418 ( 0.456)	Data  0.000 ( 0.083)	Loss 9.6370e-02 (8.6640e-02)	Acc@1  97.66 ( 97.16)	Acc@2 100.00 (100.00)
Epoch: [83][20/29]	Time  0.431 ( 0.441)	Data  0.000 ( 0.056)	Loss 6.2054e-02 (7.2751e-02)	Acc@1  98.05 ( 97.54)	Acc@2 100.00 (100.00)
Test: [ 0/13]	Time  0.845 ( 0.845)	Loss 7.8922e-02 (7.8922e-02)	Acc@1  97.27 ( 97.27)	Acc@2 100.00 (100.00)
Test: [10/13]	Time  0.124 ( 0.209)	Loss 1.5356e-02 (2.8968e-02)	Acc@1  99.61 ( 99.11)	Acc@2 100.00 (100.00)
 * Acc@1 99.144 Acc@2 100.000
Epoch: [84][ 0/29]	Time  0.801 ( 0.801)	Data  0.640 ( 0.640)	Loss 3.2607e-02 (3.2607e-02)	Acc@1  98.83 ( 98.83)	Acc@2 100.00 (100.00)
Epoch: [84][10/29]	Time  0.426 ( 0.457)	Data  0.000 ( 0.081)	Loss 9.5791e-02 (6.4934e-02)	Acc@1  96.09 ( 97.55)	Acc@2 100.00 (100.00)
Epoch: [84][20/29]	Time  0.416 ( 0.441)	Data  0.000 ( 0.055)	Loss 5.5619e-02 (6.0395e-02)	Acc@1  98.44 ( 97.86)	Acc@2 100.00 (100.00)
Test: [ 0/13]	Time  0.800 ( 0.800)	Loss 8.5254e-02 (8.5254e-02)	Acc@1  96.88 ( 96.88)	Acc@2 100.00 (100.00)
Test: [10/13]	Time  0.124 ( 0.205)	Loss 1.3550e-02 (2.9774e-02)	Acc@1  99.61 ( 99.08)	Acc@2 100.00 (100.00)
 * Acc@1 99.144 Acc@2 100.000
Epoch: [85][ 0/29]	Time  0.793 ( 0.793)	Data  0.630 ( 0.630)	Loss 5.7655e-02 (5.7655e-02)	Acc@1  98.83 ( 98.83)	Acc@2 100.00 (100.00)
Epoch: [85][10/29]	Time  0.428 ( 0.455)	Data  0.000 ( 0.079)	Loss 5.9862e-02 (6.9454e-02)	Acc@1  97.66 ( 97.69)	Acc@2 100.00 (100.00)
Epoch: [85][20/29]	Time  0.413 ( 0.440)	Data  0.000 ( 0.054)	Loss 6.8088e-02 (6.3140e-02)	Acc@1  97.66 ( 97.81)	Acc@2 100.00 (100.00)
Test: [ 0/13]	Time  0.798 ( 0.798)	Loss 7.9041e-02 (7.9041e-02)	Acc@1  96.88 ( 96.88)	Acc@2 100.00 (100.00)
Test: [10/13]	Time  0.123 ( 0.207)	Loss 1.6493e-02 (2.8877e-02)	Acc@1  99.61 ( 99.08)	Acc@2 100.00 (100.00)
 * Acc@1 99.144 Acc@2 100.000
Epoch: [86][ 0/29]	Time  0.775 ( 0.775)	Data  0.623 ( 0.623)	Loss 4.4968e-02 (4.4968e-02)	Acc@1  98.44 ( 98.44)	Acc@2 100.00 (100.00)
Epoch: [86][10/29]	Time  0.429 ( 0.455)	Data  0.000 ( 0.080)	Loss 4.3935e-02 (7.1392e-02)	Acc@1  98.44 ( 97.27)	Acc@2 100.00 (100.00)
Epoch: [86][20/29]	Time  0.426 ( 0.440)	Data  0.000 ( 0.055)	Loss 6.5173e-02 (6.7888e-02)	Acc@1  97.66 ( 97.56)	Acc@2 100.00 (100.00)
Test: [ 0/13]	Time  0.835 ( 0.835)	Loss 8.1137e-02 (8.1137e-02)	Acc@1  96.88 ( 96.88)	Acc@2 100.00 (100.00)
Test: [10/13]	Time  0.122 ( 0.209)	Loss 1.6944e-02 (2.8723e-02)	Acc@1  99.61 ( 99.04)	Acc@2 100.00 (100.00)
 * Acc@1 99.080 Acc@2 100.000
Epoch: [87][ 0/29]	Time  0.809 ( 0.809)	Data  0.649 ( 0.649)	Loss 5.9984e-02 (5.9984e-02)	Acc@1  98.05 ( 98.05)	Acc@2 100.00 (100.00)
Epoch: [87][10/29]	Time  0.410 ( 0.457)	Data  0.000 ( 0.082)	Loss 6.4924e-02 (5.7732e-02)	Acc@1  97.66 ( 98.08)	Acc@2 100.00 (100.00)
Epoch: [87][20/29]	Time  0.422 ( 0.440)	Data  0.000 ( 0.056)	Loss 7.8110e-02 (6.4489e-02)	Acc@1  96.09 ( 97.71)	Acc@2 100.00 (100.00)
Test: [ 0/13]	Time  0.794 ( 0.794)	Loss 8.6323e-02 (8.6323e-02)	Acc@1  97.27 ( 97.27)	Acc@2 100.00 (100.00)
Test: [10/13]	Time  0.122 ( 0.206)	Loss 1.5487e-02 (2.8995e-02)	Acc@1  99.61 ( 99.11)	Acc@2 100.00 (100.00)
 * Acc@1 99.175 Acc@2 100.000
Epoch: [88][ 0/29]	Time  0.833 ( 0.833)	Data  0.639 ( 0.639)	Loss 5.0692e-02 (5.0692e-02)	Acc@1  98.05 ( 98.05)	Acc@2 100.00 (100.00)
Epoch: [88][10/29]	Time  0.412 ( 0.462)	Data  0.000 ( 0.084)	Loss 7.3097e-02 (6.5839e-02)	Acc@1  96.88 ( 97.62)	Acc@2 100.00 (100.00)
Epoch: [88][20/29]	Time  0.428 ( 0.444)	Data  0.000 ( 0.057)	Loss 8.5166e-02 (6.5399e-02)	Acc@1  96.88 ( 97.49)	Acc@2 100.00 (100.00)
Test: [ 0/13]	Time  0.876 ( 0.876)	Loss 7.8820e-02 (7.8820e-02)	Acc@1  97.66 ( 97.66)	Acc@2 100.00 (100.00)
Test: [10/13]	Time  0.121 ( 0.221)	Loss 1.7096e-02 (2.8443e-02)	Acc@1  99.22 ( 99.11)	Acc@2 100.00 (100.00)
 * Acc@1 99.175 Acc@2 100.000
Epoch: [89][ 0/29]	Time  0.747 ( 0.747)	Data  0.599 ( 0.599)	Loss 8.2858e-02 (8.2858e-02)	Acc@1  96.48 ( 96.48)	Acc@2 100.00 (100.00)
Epoch: [89][10/29]	Time  0.427 ( 0.450)	Data  0.000 ( 0.077)	Loss 6.6965e-02 (6.7975e-02)	Acc@1  97.66 ( 97.41)	Acc@2 100.00 (100.00)
Epoch: [89][20/29]	Time  0.426 ( 0.437)	Data  0.000 ( 0.053)	Loss 7.0526e-02 (6.7631e-02)	Acc@1  96.88 ( 97.60)	Acc@2 100.00 (100.00)
Test: [ 0/13]	Time  0.802 ( 0.802)	Loss 8.4783e-02 (8.4783e-02)	Acc@1  97.66 ( 97.66)	Acc@2 100.00 (100.00)
Test: [10/13]	Time  0.122 ( 0.207)	Loss 1.6914e-02 (2.8847e-02)	Acc@1  99.61 ( 99.15)	Acc@2 100.00 (100.00)
 * Acc@1 99.207 Acc@2 100.000
